<html>
<body>
<pre>
<h1>µVision Build Log</h1>
<h2>Tool Versions:</h2>
IDE-Version: µVision V5.31.0.0
Copyright (C) 2020 ARM Ltd and ARM Germany GmbH. All rights reserved.
License Information: Omid Fatemi, University of Tehran, LIC=9WSKC-7FFJ7-CX2U6-D8G4A-BGK90-R47N2
 
Tool Versions:
Toolchain:       MDK-ARM Plus  Version: 5.31.0.0
Toolchain Path:  C:\Keil_v5\ARM\ARMCLANG\Bin
C Compiler:      ArmClang.exe V6.14
Assembler:       Armasm.exe V6.14
Linker/Locator:  ArmLink.exe V6.14
Library Manager: ArmAr.exe V6.14
Hex Converter:   FromElf.exe V6.14
CPU DLL:         SARMCM3.DLL V5.31.0.0
Dialog DLL:      DCM.DLL V1.17.3.0
Target DLL:      Segger\JL2CM3.dll V2.99.38.0
Dialog DLL:      TCM.DLL V1.46.0.0
 
<h2>Project:</h2>
C:\Users\group5\Desktop\tir6\tir6.uvprojx
Project File Date:  07/22/2021

<h2>Output:</h2>
*** Using Compiler 'V6.14', folder: 'C:\Keil_v5\ARM\ARMCLANG\Bin'
Build target 'Target 1'
main.c(1): warning: In file included from...
C:/Keil_v5/Packs/Keil/LPC1700_DFP/2.6.0/Device/Include\LPC17xx.h(200): warning: anonymous structs are a C11 extension [-Wc11-extensions]
    struct {
    ^
C:/Keil_v5/Packs/Keil/LPC1700_DFP/2.6.0/Device/Include\LPC17xx.h(204): warning: anonymous structs are a C11 extension [-Wc11-extensions]
    struct {
    ^
C:/Keil_v5/Packs/Keil/LPC1700_DFP/2.6.0/Device/Include\LPC17xx.h(198): warning: anonymous unions are a C11 extension [-Wc11-extensions]
  union {
  ^
C:/Keil_v5/Packs/Keil/LPC1700_DFP/2.6.0/Device/Include\LPC17xx.h(214): warning: anonymous structs are a C11 extension [-Wc11-extensions]
    struct {
    ^
C:/Keil_v5/Packs/Keil/LPC1700_DFP/2.6.0/Device/Include\LPC17xx.h(218): warning: anonymous structs are a C11 extension [-Wc11-extensions]
    struct {
    ^
C:/Keil_v5/Packs/Keil/LPC1700_DFP/2.6.0/Device/Include\LPC17xx.h(212): warning: anonymous unions are a C11 extension [-Wc11-extensions]
  union {
  ^
C:/Keil_v5/Packs/Keil/LPC1700_DFP/2.6.0/Device/Include\LPC17xx.h(227): warning: anonymous structs are a C11 extension [-Wc11-extensions]
    struct {
    ^
C:/Keil_v5/Packs/Keil/LPC1700_DFP/2.6.0/Device/Include\LPC17xx.h(231): warning: anonymous structs are a C11 extension [-Wc11-extensions]
    struct {
    ^
C:/Keil_v5/Packs/Keil/LPC1700_DFP/2.6.0/Device/Include\LPC17xx.h(225): warning: anonymous unions are a C11 extension [-Wc11-extensions]
  union {
  ^
C:/Keil_v5/Packs/Keil/LPC1700_DFP/2.6.0/Device/Include\LPC17xx.h(240): warning: anonymous structs are a C11 extension [-Wc11-extensions]
    struct {
    ^
C:/Keil_v5/Packs/Keil/LPC1700_DFP/2.6.0/Device/Include\LPC17xx.h(244): warning: anonymous structs are a C11 extension [-Wc11-extensions]
    struct {
    ^
C:/Keil_v5/Packs/Keil/LPC1700_DFP/2.6.0/Device/Include\LPC17xx.h(238): warning: anonymous unions are a C11 extension [-Wc11-extensions]
  union {
  ^
C:/Keil_v5/Packs/Keil/LPC1700_DFP/2.6.0/Device/Include\LPC17xx.h(253): warning: anonymous structs are a C11 extension [-Wc11-extensions]
    struct {
    ^
C:/Keil_v5/Packs/Keil/LPC1700_DFP/2.6.0/Device/Include\LPC17xx.h(257): warning: anonymous structs are a C11 extension [-Wc11-extensions]
    struct {
    ^
C:/Keil_v5/Packs/Keil/LPC1700_DFP/2.6.0/Device/Include\LPC17xx.h(251): warning: anonymous unions are a C11 extension [-Wc11-extensions]
  union {
  ^
C:/Keil_v5/Packs/Keil/LPC1700_DFP/2.6.0/Device/Include\LPC17xx.h(339): warning: anonymous unions are a C11 extension [-Wc11-extensions]
  union {
  ^
C:/Keil_v5/Packs/Keil/LPC1700_DFP/2.6.0/Device/Include\LPC17xx.h(345): warning: anonymous unions are a C11 extension [-Wc11-extensions]
  union {
  ^
C:/Keil_v5/Packs/Keil/LPC1700_DFP/2.6.0/Device/Include\LPC17xx.h(349): warning: anonymous unions are a C11 extension [-Wc11-extensions]
  union {
  ^
C:/Keil_v5/Packs/Keil/LPC1700_DFP/2.6.0/Device/Include\LPC17xx.h(370): warning: anonymous unions are a C11 extension [-Wc11-extensions]
  union {
  ^
C:/Keil_v5/Packs/Keil/LPC1700_DFP/2.6.0/Device/Include\LPC17xx.h(376): warning: anonymous unions are a C11 extension [-Wc11-extensions]
  union {
  ^
C:/Keil_v5/Packs/Keil/LPC1700_DFP/2.6.0/Device/Include\LPC17xx.h(380): warning: anonymous unions are a C11 extension [-Wc11-extensions]
  union {
  ^
C:/Keil_v5/Packs/Keil/LPC1700_DFP/2.6.0/Device/Include\LPC17xx.h(829): warning: anonymous unions are a C11 extension [-Wc11-extensions]
  union {
  ^
C:/Keil_v5/Packs/Keil/LPC1700_DFP/2.6.0/Device/Include\LPC17xx.h(839): warning: anonymous unions are a C11 extension [-Wc11-extensions]
  union {
  ^
C:/Keil_v5/Packs/Keil/LPC1700_DFP/2.6.0/Device/Include\LPC17xx.h(843): warning: anonymous unions are a C11 extension [-Wc11-extensions]
  union {
  ^
main.c(8): warning: In file included from...
./Drivers/include\lpc17xx_gpio.h(38): warning: In file included from...
./Drivers/include/lpc_types.h(81): warning: this function declaration is not a prototype [-Wstrict-prototypes]
typedef void (*PFV)();
                   ^
                    void
./Drivers/include/lpc_types.h(84): warning: this function declaration is not a prototype [-Wstrict-prototypes]
typedef int32_t(*PFI)();
                     ^
                      void
main.c(10): warning: In file included from...
./Drivers/include\lpc17xx_pinsel.h(37): warning: non-portable path to file '"LPC17xx.h"'; specified path differs in case from file name on disk [-Wnonportable-include-path]
#include "lpc17xx.h"
         ^~~~~~~~~~~
         "LPC17xx.h"
main.c(26): warning: no previous extern declaration for non-static variable 'string_in' [-Wmissing-variable-declarations]
char string_in[2000]="KHAALI!";
     ^
main.c(26): note: declare 'static' if the variable is not intended to be used outside of this translation unit
char string_in[2000]="KHAALI!";
^
main.c(1): warning: In file included from...
C:/Keil_v5/Packs/Keil/LPC1700_DFP/2.6.0/Device/Include\lpc17xx.h(368): warning: padding size of 'LPC_UART1_TypeDef' with 3 bytes to alignment boundary [-Wpadded]
typedef struct
        ^
C:/Keil_v5/Packs/Keil/LPC1700_DFP/2.6.0/Device/Include\lpc17xx.h(337): warning: padding size of 'LPC_UART_TypeDef' with 3 bytes to alignment boundary [-Wpadded]
typedef struct
        ^
30 warnings generated.
compiling main.c...
linking...
Program Size: Code=8220 RO-data=544 RW-data=2004 ZI-data=612  
".\Objects\tir6.axf" - 0 Error(s), 30 Warning(s).

<h2>Software Packages used:</h2>

Package Vendor: ARM
                http://www.keil.com/pack/ARM.CMSIS.5.7.0.pack
                ARM.CMSIS.5.7.0
                CMSIS (Cortex Microcontroller Software Interface Standard)
   * Component: CORE Version: 5.4.0

Package Vendor: Keil
                http://www.keil.com/pack/Keil.LPC1700_DFP.2.6.0.pack
                Keil.LPC1700_DFP.2.6.0
                NXP LPC1700 Series Device Support, Drivers and Examples for MCB1700 and LPC1788-32
   * Component: Startup Version: 1.0.0

<h2>Collection of Component include folders:</h2>
  .\RTE\Device\LPC1768
  .\RTE\_Target_1
  C:\Keil_v5\Packs\ARM\CMSIS\5.7.0\CMSIS\Core\Include
  C:\Keil_v5\Packs\Keil\LPC1700_DFP\2.6.0\Device\Include

<h2>Collection of Component Files used:</h2>

   * Component: ARM::CMSIS:CORE:5.4.0

   * Component: Keil::Device:Startup:1.0.0
      Include file:  Device\Include\LPC17xx.h
      Source file:   Device\Source\system_LPC17xx.c
      Include file:  RTE_Driver\Config\RTE_Device.h
      Source file:   Device\Source\ARM\startup_LPC17xx.s
Build Time Elapsed:  00:00:01
</pre>
</body>
</html>
