Component: ARM Compiler 6.14 Tool: armlink [5db06800]

==============================================================================

Section Cross References

    main.o(.text) refers (Special) to _printf_c.o(.ARM.Collect$$_printf_percent$$00000013) for _printf_c
    main.o(.text) refers (Special) to _printf_d.o(.ARM.Collect$$_printf_percent$$00000009) for _printf_d
    main.o(.text) refers (Special) to _printf_dec.o(.text) for _printf_int_dec
    main.o(.text) refers (Special) to _printf_percent.o(.ARM.Collect$$_printf_percent$$00000000) for _printf_percent
    main.o(.text) refers (Special) to _printf_s.o(.ARM.Collect$$_printf_percent$$00000014) for _printf_s
    main.o(.text) refers (Special) to _printf_str.o(.text) for _printf_str
    main.o(.text.main) refers (Special) to _printf_c.o(.ARM.Collect$$_printf_percent$$00000013) for _printf_c
    main.o(.text.main) refers (Special) to _printf_d.o(.ARM.Collect$$_printf_percent$$00000009) for _printf_d
    main.o(.text.main) refers (Special) to _printf_dec.o(.text) for _printf_int_dec
    main.o(.text.main) refers (Special) to _printf_percent.o(.ARM.Collect$$_printf_percent$$00000000) for _printf_percent
    main.o(.text.main) refers (Special) to _printf_s.o(.ARM.Collect$$_printf_percent$$00000014) for _printf_s
    main.o(.text.main) refers (Special) to _printf_str.o(.text) for _printf_str
    main.o(.text.main) refers to lpc17xx_pinsel.o(.text.PINSEL_ConfigPin) for PINSEL_ConfigPin
    main.o(.text.main) refers to lpc17xx_adc.o(.text.ADC_Init) for ADC_Init
    main.o(.text.main) refers to lpc17xx_adc.o(.text.ADC_ChannelCmd) for ADC_ChannelCmd
    main.o(.text.main) refers to main.o(.text.hexseg) for hexseg
    main.o(.text.main) refers to main.o(.text.delay) for delay
    main.o(.text.main) refers to noretval__2sprintf.o(.text) for __2sprintf
    main.o(.text.main) refers to main.o(.text.sendstring1) for sendstring1
    main.o(.text.main) refers to main.o(.text.stringer) for stringer
    main.o(.text.main) refers to main.o(.data.string_in) for string_in
    main.o(.text.main) refers to main.o(.text.sendstring2) for sendstring2
    main.o(.text.main) refers to main.o(.rodata.str1.4) for .L__const.main.write_inst
    main.o(.text.main) refers to lpc17xx_adc.o(.text.ADC_StartCmd) for ADC_StartCmd
    main.o(.text.main) refers to lpc17xx_adc.o(.text.ADC_ChannelGetStatus) for ADC_ChannelGetStatus
    main.o(.text.main) refers to lpc17xx_adc.o(.text.ADC_ChannelGetData) for ADC_ChannelGetData
    main.o(.text.main) refers to main.o(.rodata.str1.1) for .L.str.3
    main.o(.text.main) refers to rt_memclr_w.o(.text) for __aeabi_memclr4
    main.o(.text.main) refers to dflt_clz.o(x$fpl$dflt) for __aeabi_i2d
    main.o(.text.main) refers to log10.o(i.log10) for log10
    main.o(.text.main) refers to ceil.o(i.ceil) for ceil
    main.o(.text.main) refers to dfix.o(x$fpl$dfix) for __aeabi_d2iz
    main.o(.text.main) refers to main.o(.text.stringer2) for stringer2
    main.o(.text.main) refers to main.o(.text.string_analyze) for string_analyze
    main.o(.ARM.exidx.text.main) refers (Special) to _printf_c.o(.ARM.Collect$$_printf_percent$$00000013) for _printf_c
    main.o(.ARM.exidx.text.main) refers (Special) to _printf_d.o(.ARM.Collect$$_printf_percent$$00000009) for _printf_d
    main.o(.ARM.exidx.text.main) refers (Special) to _printf_dec.o(.text) for _printf_int_dec
    main.o(.ARM.exidx.text.main) refers (Special) to _printf_percent.o(.ARM.Collect$$_printf_percent$$00000000) for _printf_percent
    main.o(.ARM.exidx.text.main) refers (Special) to _printf_s.o(.ARM.Collect$$_printf_percent$$00000014) for _printf_s
    main.o(.ARM.exidx.text.main) refers (Special) to _printf_str.o(.text) for _printf_str
    main.o(.ARM.exidx.text.main) refers to main.o(.text.main) for [Anonymous Symbol]
    main.o(.text.hexseg) refers (Special) to _printf_c.o(.ARM.Collect$$_printf_percent$$00000013) for _printf_c
    main.o(.text.hexseg) refers (Special) to _printf_d.o(.ARM.Collect$$_printf_percent$$00000009) for _printf_d
    main.o(.text.hexseg) refers (Special) to _printf_dec.o(.text) for _printf_int_dec
    main.o(.text.hexseg) refers (Special) to _printf_percent.o(.ARM.Collect$$_printf_percent$$00000000) for _printf_percent
    main.o(.text.hexseg) refers (Special) to _printf_s.o(.ARM.Collect$$_printf_percent$$00000014) for _printf_s
    main.o(.text.hexseg) refers (Special) to _printf_str.o(.text) for _printf_str
    main.o(.text.hexseg) refers to lpc17xx_gpio.o(.text.GPIO_SetDir) for GPIO_SetDir
    main.o(.text.hexseg) refers to lpc17xx_gpio.o(.text.GPIO_ClearValue) for GPIO_ClearValue
    main.o(.text.hexseg) refers to lpc17xx_gpio.o(.text.GPIO_SetValue) for GPIO_SetValue
    main.o(.ARM.exidx.text.hexseg) refers (Special) to _printf_c.o(.ARM.Collect$$_printf_percent$$00000013) for _printf_c
    main.o(.ARM.exidx.text.hexseg) refers (Special) to _printf_d.o(.ARM.Collect$$_printf_percent$$00000009) for _printf_d
[...]
    libinit.o(.ARM.Collect$$libinit$$00000000) refers (Special) to libinit2.o(.ARM.Collect$$libinit$$00000011) for __rt_lib_init_lc_collate_1
    libinit.o(.ARM.Collect$$libinit$$00000000) refers (Special) to libinit2.o(.ARM.Collect$$libinit$$00000013) for __rt_lib_init_lc_ctype_1
    libinit.o(.ARM.Collect$$libinit$$00000000) refers (Special) to libinit2.o(.ARM.Collect$$libinit$$00000015) for __rt_lib_init_lc_monetary_1
    libinit.o(.ARM.Collect$$libinit$$00000000) refers (Special) to libinit2.o(.ARM.Collect$$libinit$$00000017) for __rt_lib_init_lc_numeric_1
    libinit.o(.ARM.Collect$$libinit$$00000000) refers (Special) to libinit2.o(.ARM.Collect$$libinit$$00000019) for __rt_lib_init_lc_time_1
    libinit.o(.ARM.Collect$$libinit$$00000000) refers (Special) to libinit2.o(.ARM.Collect$$libinit$$00000004) for __rt_lib_init_preinit_1
    libinit.o(.ARM.Collect$$libinit$$00000000) refers (Special) to libinit2.o(.ARM.Collect$$libinit$$0000000E) for __rt_lib_init_rand_1
    libinit.o(.ARM.Collect$$libinit$$00000000) refers (Special) to libinit2.o(.ARM.Collect$$libinit$$00000033) for __rt_lib_init_return
    libinit.o(.ARM.Collect$$libinit$$00000000) refers (Special) to libinit2.o(.ARM.Collect$$libinit$$0000001D) for __rt_lib_init_signal_1
    libinit.o(.ARM.Collect$$libinit$$00000000) refers (Special) to libinit2.o(.ARM.Collect$$libinit$$00000025) for __rt_lib_init_stdio_1
    libinit.o(.ARM.Collect$$libinit$$00000000) refers (Special) to libinit2.o(.ARM.Collect$$libinit$$0000000C) for __rt_lib_init_user_alloc_1
    dcmpi.o(x$fpl$dcmpinf) refers (Special) to usenofp.o(x$fpl$usenofp) for __I$use$fp
    retnan.o(x$fpl$retnan) refers (Special) to usenofp.o(x$fpl$usenofp) for __I$use$fp
    retnan.o(x$fpl$retnan) refers to trapv.o(x$fpl$trapveneer) for __fpl_cmpreturn
    rtexit.o(.ARM.Collect$$rtexit$$00000000) refers (Special) to rtexit2.o(.ARM.Collect$$rtexit$$00000004) for __rt_exit_exit
    rtexit.o(.ARM.Collect$$rtexit$$00000000) refers (Special) to rtexit2.o(.ARM.Collect$$rtexit$$00000003) for __rt_exit_ls
    rtexit.o(.ARM.Collect$$rtexit$$00000000) refers (Special) to rtexit2.o(.ARM.Collect$$rtexit$$00000002) for __rt_exit_prels_1
    rtexit.o(.ARM.exidx) refers (Special) to rtexit2.o(.ARM.Collect$$rtexit$$00000004) for __rt_exit_exit
    rtexit.o(.ARM.exidx) refers (Special) to rtexit2.o(.ARM.Collect$$rtexit$$00000003) for __rt_exit_ls
    rtexit.o(.ARM.exidx) refers (Special) to rtexit2.o(.ARM.Collect$$rtexit$$00000002) for __rt_exit_prels_1
    rtexit.o(.ARM.exidx) refers to rtexit.o(.ARM.Collect$$rtexit$$00000000) for .ARM.Collect$$rtexit$$00000000
    rt_raise.o(.text) refers to __raise.o(.text) for __raise
    rt_raise.o(.text) refers to sys_exit.o(.text) for _sys_exit
    defsig_exit.o(.text) refers to sys_exit.o(.text) for _sys_exit
    defsig_fpe_inner.o(.text) refers to defsig_general.o(.text) for __default_signal_display
    libinit2.o(.ARM.Collect$$libinit$$00000010) refers to libinit2.o(.ARM.Collect$$libinit$$0000000F) for .ARM.Collect$$libinit$$0000000F
    libinit2.o(.ARM.Collect$$libinit$$00000012) refers to libinit2.o(.ARM.Collect$$libinit$$0000000F) for .ARM.Collect$$libinit$$0000000F
    libinit2.o(.ARM.Collect$$libinit$$00000014) refers to libinit2.o(.ARM.Collect$$libinit$$0000000F) for .ARM.Collect$$libinit$$0000000F
    libinit2.o(.ARM.Collect$$libinit$$00000016) refers to libinit2.o(.ARM.Collect$$libinit$$0000000F) for .ARM.Collect$$libinit$$0000000F
    libinit2.o(.ARM.Collect$$libinit$$00000018) refers to libinit2.o(.ARM.Collect$$libinit$$0000000F) for .ARM.Collect$$libinit$$0000000F
    libinit2.o(.ARM.Collect$$libinit$$00000026) refers to argv_veneer.o(.emb_text) for __ARM_argv_veneer
    libinit2.o(.ARM.Collect$$libinit$$00000027) refers to argv_veneer.o(.emb_text) for __ARM_argv_veneer
    trapv.o(x$fpl$trapveneer) refers (Special) to usenofp.o(x$fpl$usenofp) for __I$use$fp
    sys_exit.o(.text) refers (Special) to use_no_semi.o(.text) for __I$use$semihosting
    sys_exit.o(.text) refers (Special) to indicate_semi.o(.text) for __semihosting_library_function
    sys_exit_hlt.o(.text) refers (Special) to use_no_semi.o(.text) for __I$use$semihosting
    sys_exit_hlt.o(.text) refers (Special) to indicate_semi.o(.text) for __semihosting_library_function
    rtexit2.o(.ARM.Collect$$rtexit$$00000003) refers to libshutdown.o(.ARM.Collect$$libshutdown$$00000000) for __rt_lib_shutdown
    rtexit2.o(.ARM.Collect$$rtexit$$00000004) refers to sys_exit.o(.text) for _sys_exit
    rtexit2.o(.ARM.exidx) refers to rtexit2.o(.ARM.Collect$$rtexit$$00000001) for .ARM.Collect$$rtexit$$00000001
    rtexit2.o(.ARM.exidx) refers to rtexit2.o(.ARM.Collect$$rtexit$$00000003) for .ARM.Collect$$rtexit$$00000003
    rtexit2.o(.ARM.exidx) refers to rtexit2.o(.ARM.Collect$$rtexit$$00000004) for .ARM.Collect$$rtexit$$00000004
    __raise.o(.text) refers to defsig.o(CL$$defsig) for __default_signal_handler
    defsig_general.o(.text) refers to sys_wrch.o(.text) for _ttywrch
    argv_veneer.o(.emb_text) refers to no_argv.o(.text) for __ARM_get_argv
    sys_wrch.o(.text) refers (Special) to use_no_semi.o(.text) for __I$use$semihosting
    sys_wrch.o(.text) refers (Special) to indicate_semi.o(.text) for __semihosting_library_function
    sys_wrch_hlt.o(.text) refers (Special) to use_no_semi.o(.text) for __I$use$semihosting
    sys_wrch_hlt.o(.text) refers (Special) to indicate_semi.o(.text) for __semihosting_library_function
    defsig.o(CL$$defsig) refers to defsig_fpe_inner.o(.text) for __rt_SIGFPE_inner
    defsig.o(CL$$defsig) refers to defsig_rtmem_inner.o(.text) for __rt_SIGRTMEM_inner
    _get_argv_nomalloc.o(.text) refers (Special) to hrguard.o(.text) for __heap_region$guard
    _get_argv_nomalloc.o(.text) refers to defsig_rtmem_outer.o(.text) for __rt_SIGRTMEM
    _get_argv_nomalloc.o(.text) refers to sys_command.o(.text) for _sys_command_string
    libshutdown.o(.ARM.Collect$$libshutdown$$00000000) refers (Special) to libshutdown2.o(.ARM.Collect$$libshutdown$$00000002) for __rt_lib_shutdown_cpp_1
    libshutdown.o(.ARM.Collect$$libshutdown$$00000000) refers (Special) to libshutdown2.o(.ARM.Collect$$libshutdown$$00000007) for __rt_lib_shutdown_fp_trap_1
    libshutdown.o(.ARM.Collect$$libshutdown$$00000000) refers (Special) to libshutdown2.o(.ARM.Collect$$libshutdown$$0000000F) for __rt_lib_shutdown_heap_1
    libshutdown.o(.ARM.Collect$$libshutdown$$00000000) refers (Special) to libshutdown2.o(.ARM.Collect$$libshutdown$$00000010) for __rt_lib_shutdown_return
    libshutdown.o(.ARM.Collect$$libshutdown$$00000000) refers (Special) to libshutdown2.o(.ARM.Collect$$libshutdown$$0000000A) for __rt_lib_shutdown_signal_1
    libshutdown.o(.ARM.Collect$$libshutdown$$00000000) refers (Special) to libshutdown2.o(.ARM.Collect$$libshutdown$$00000004) for __rt_lib_shutdown_stdio_1
    libshutdown.o(.ARM.Collect$$libshutdown$$00000000) refers (Special) to libshutdown2.o(.ARM.Collect$$libshutdown$$0000000C) for __rt_lib_shutdown_user_alloc_1
    sys_command.o(.text) refers (Special) to use_no_semi.o(.text) for __I$use$semihosting
    sys_command.o(.text) refers (Special) to indicate_semi.o(.text) for __semihosting_library_function
    sys_command_hlt.o(.text) refers (Special) to use_no_semi.o(.text) for __I$use$semihosting
    sys_command_hlt.o(.text) refers (Special) to indicate_semi.o(.text) for __semihosting_library_function
    defsig_abrt_inner.o(.text) refers to defsig_general.o(.text) for __default_signal_display
    defsig_rtred_inner.o(.text) refers to defsig_general.o(.text) for __default_signal_display
    defsig_rtmem_inner.o(.text) refers to defsig_general.o(.text) for __default_signal_display
    defsig_rtmem_outer.o(.text) refers to defsig_rtmem_inner.o(.text) for __rt_SIGRTMEM_inner
    defsig_rtmem_outer.o(.text) refers to defsig_exit.o(.text) for __sig_exit
    defsig_rtmem_formal.o(.text) refers to rt_raise.o(.text) for __rt_raise
    defsig_stak_inner.o(.text) refers to defsig_general.o(.text) for __default_signal_display
    defsig_pvfn_inner.o(.text) refers to defsig_general.o(.text) for __default_signal_display
    defsig_cppl_inner.o(.text) refers to defsig_general.o(.text) for __default_signal_display
    defsig_segv_inner.o(.text) refers to defsig_general.o(.text) for __default_signal_display
    defsig_other.o(.text) refers to defsig_general.o(.text) for __default_signal_display


==============================================================================

Removing Unused input sections from the image.

    Removing main.o(.text), (0 bytes).
    Removing main.o(.ARM.exidx.text.main), (8 bytes).
    Removing main.o(.ARM.exidx.text.hexseg), (8 bytes).
    Removing main.o(.ARM.exidx.text.delay), (8 bytes).
    Removing main.o(.ARM.exidx.text.sendstring1), (8 bytes).
    Removing main.o(.ARM.exidx.text.stringer), (8 bytes).
    Removing main.o(.ARM.exidx.text.sendstring2), (8 bytes).
    Removing main.o(.ARM.exidx.text.stringer2), (8 bytes).
    Removing main.o(.ARM.exidx.text.string_analyze), (8 bytes).
    Removing main.o(.ARM.exidx.text.getchar1), (8 bytes).
    Removing main.o(.text.getchar2), (18 bytes).
    Removing main.o(.ARM.exidx.text.getchar2), (8 bytes).
    Removing main.o(.ARM.exidx.text.sendchar1), (8 bytes).
    Removing main.o(.ARM.exidx.text.sendchar2), (8 bytes).
    Removing main.o(.ARM.use_no_argv), (4 bytes).
    Removing lpc17xx_adc.o(.text), (0 bytes).
    Removing lpc17xx_adc.o(.ARM.exidx.text.ADC_Init), (8 bytes).
    Removing lpc17xx_adc.o(.text.ADC_DeInit), (22 bytes).
    Removing lpc17xx_adc.o(.ARM.exidx.text.ADC_DeInit), (8 bytes).
    Removing lpc17xx_adc.o(.text.ADC_GetData), (18 bytes).
    Removing lpc17xx_adc.o(.ARM.exidx.text.ADC_GetData), (8 bytes).
    Removing lpc17xx_adc.o(.ARM.exidx.text.ADC_StartCmd), (8 bytes).
    Removing lpc17xx_adc.o(.text.ADC_BurstCmd), (24 bytes).
    Removing lpc17xx_adc.o(.ARM.exidx.text.ADC_BurstCmd), (8 bytes).
    Removing lpc17xx_adc.o(.text.ADC_PowerdownCmd), (24 bytes).
    Removing lpc17xx_adc.o(.ARM.exidx.text.ADC_PowerdownCmd), (8 bytes).
    Removing lpc17xx_adc.o(.text.ADC_EdgeStartConfig), (24 bytes).
    Removing lpc17xx_adc.o(.ARM.exidx.text.ADC_EdgeStartConfig), (8 bytes).
    Removing lpc17xx_adc.o(.text.ADC_IntConfig), (28 bytes).
    Removing lpc17xx_adc.o(.ARM.exidx.text.ADC_IntConfig), (8 bytes).
    Removing lpc17xx_adc.o(.ARM.exidx.text.ADC_ChannelCmd), (8 bytes).
    Removing lpc17xx_adc.o(.ARM.exidx.text.ADC_ChannelGetData), (8 bytes).
    Removing lpc17xx_adc.o(.ARM.exidx.text.ADC_ChannelGetStatus), (8 bytes).
    Removing lpc17xx_adc.o(.text.ADC_GlobalGetData), (4 bytes).
    Removing lpc17xx_adc.o(.ARM.exidx.text.ADC_GlobalGetData), (8 bytes).
    Removing lpc17xx_adc.o(.text.ADC_GlobalGetStatus), (22 bytes).
    Removing lpc17xx_adc.o(.ARM.exidx.text.ADC_GlobalGetStatus), (8 bytes).
    Removing lpc17xx_clkpwr.o(.text), (0 bytes).
    Removing lpc17xx_clkpwr.o(.text.CLKPWR_SetPCLKDiv), (78 bytes).
    Removing lpc17xx_clkpwr.o(.ARM.exidx.text.CLKPWR_SetPCLKDiv), (8 bytes).
    Removing lpc17xx_clkpwr.o(.ARM.exidx.text.CLKPWR_GetPCLKSEL), (8 bytes).
    Removing lpc17xx_clkpwr.o(.ARM.exidx.text.CLKPWR_GetPCLK), (8 bytes).
    Removing lpc17xx_clkpwr.o(.ARM.exidx.text.CLKPWR_ConfigPPWR), (8 bytes).
    Removing lpc17xx_clkpwr.o(.text.CLKPWR_Sleep), (16 bytes).
    Removing lpc17xx_clkpwr.o(.ARM.exidx.text.CLKPWR_Sleep), (8 bytes).
    Removing lpc17xx_clkpwr.o(.text.CLKPWR_DeepSleep), (28 bytes).
    Removing lpc17xx_clkpwr.o(.ARM.exidx.text.CLKPWR_DeepSleep), (8 bytes).
    Removing lpc17xx_clkpwr.o(.text.CLKPWR_PowerDown), (28 bytes).
    Removing lpc17xx_clkpwr.o(.ARM.exidx.text.CLKPWR_PowerDown), (8 bytes).
    Removing lpc17xx_clkpwr.o(.text.CLKPWR_DeepPowerDown), (28 bytes).
    Removing lpc17xx_clkpwr.o(.ARM.exidx.text.CLKPWR_DeepPowerDown), (8 bytes).
    Removing lpc17xx_gpio.o(.text), (0 bytes).
    Removing lpc17xx_gpio.o(.ARM.exidx.text.GPIO_SetDir), (8 bytes).
    Removing lpc17xx_gpio.o(.ARM.exidx.text.GPIO_GetPointer), (8 bytes).
    Removing lpc17xx_gpio.o(.ARM.exidx.text.GPIO_SetValue), (8 bytes).
    Removing lpc17xx_gpio.o(.ARM.exidx.text.GPIO_ClearValue), (8 bytes).
    Removing lpc17xx_gpio.o(.text.GPIO_ReadValue), (16 bytes).
    Removing lpc17xx_gpio.o(.ARM.exidx.text.GPIO_ReadValue), (8 bytes).
    Removing lpc17xx_gpio.o(.text.GPIO_IntCmd), (82 bytes).
    Removing lpc17xx_gpio.o(.ARM.exidx.text.GPIO_IntCmd), (8 bytes).
    Removing lpc17xx_gpio.o(.text.GPIO_GetIntStatus), (62 bytes).
    Removing lpc17xx_gpio.o(.ARM.exidx.text.GPIO_GetIntStatus), (8 bytes).
    Removing lpc17xx_gpio.o(.text.GPIO_ClearInt), (22 bytes).
    Removing lpc17xx_gpio.o(.ARM.exidx.text.GPIO_ClearInt), (8 bytes).
    Removing lpc17xx_gpio.o(.text.FIO_SetDir), (8 bytes).
    Removing lpc17xx_gpio.o(.ARM.exidx.text.FIO_SetDir), (8 bytes).
    Removing lpc17xx_gpio.o(.text.FIO_SetValue), (8 bytes).
    Removing lpc17xx_gpio.o(.ARM.exidx.text.FIO_SetValue), (8 bytes).
    Removing lpc17xx_gpio.o(.text.FIO_ClearValue), (8 bytes).
    Removing lpc17xx_gpio.o(.ARM.exidx.text.FIO_ClearValue), (8 bytes).
    Removing lpc17xx_gpio.o(.text.FIO_ReadValue), (8 bytes).
    Removing lpc17xx_gpio.o(.ARM.exidx.text.FIO_ReadValue), (8 bytes).
    Removing lpc17xx_gpio.o(.text.FIO_IntCmd), (8 bytes).
    Removing lpc17xx_gpio.o(.ARM.exidx.text.FIO_IntCmd), (8 bytes).
    Removing lpc17xx_gpio.o(.text.FIO_GetIntStatus), (8 bytes).
    Removing lpc17xx_gpio.o(.ARM.exidx.text.FIO_GetIntStatus), (8 bytes).
    Removing lpc17xx_gpio.o(.text.FIO_ClearInt), (8 bytes).
    Removing lpc17xx_gpio.o(.ARM.exidx.text.FIO_ClearInt), (8 bytes).
    Removing lpc17xx_gpio.o(.text.FIO_SetMask), (34 bytes).
    Removing lpc17xx_gpio.o(.ARM.exidx.text.FIO_SetMask), (8 bytes).
    Removing lpc17xx_gpio.o(.text.FIO_HalfWordSetDir), (60 bytes).
    Removing lpc17xx_gpio.o(.ARM.exidx.text.FIO_HalfWordSetDir), (8 bytes).
    Removing lpc17xx_gpio.o(.text.FIO_HalfWordGetPointer), (76 bytes).
    Removing lpc17xx_gpio.o(.ARM.exidx.text.FIO_HalfWordGetPointer), (8 bytes).
    Removing lpc17xx_gpio.o(.text.FIO_HalfWordSetMask), (60 bytes).
    Removing lpc17xx_gpio.o(.ARM.exidx.text.FIO_HalfWordSetMask), (8 bytes).
    Removing lpc17xx_gpio.o(.text.FIO_HalfWordSetValue), (28 bytes).
    Removing lpc17xx_gpio.o(.ARM.exidx.text.FIO_HalfWordSetValue), (8 bytes).
    Removing lpc17xx_gpio.o(.text.FIO_HalfWordClearValue), (28 bytes).
    Removing lpc17xx_gpio.o(.ARM.exidx.text.FIO_HalfWordClearValue), (8 bytes).
    Removing lpc17xx_gpio.o(.text.FIO_HalfWordReadValue), (24 bytes).
    Removing lpc17xx_gpio.o(.ARM.exidx.text.FIO_HalfWordReadValue), (8 bytes).
    Removing lpc17xx_gpio.o(.text.FIO_ByteSetDir), (42 bytes).
    Removing lpc17xx_gpio.o(.ARM.exidx.text.FIO_ByteSetDir), (8 bytes).
    Removing lpc17xx_gpio.o(.text.FIO_ByteGetPointer), (76 bytes).
    Removing lpc17xx_gpio.o(.ARM.exidx.text.FIO_ByteGetPointer), (8 bytes).
    Removing lpc17xx_gpio.o(.text.FIO_ByteSetMask), (46 bytes).
    Removing lpc17xx_gpio.o(.ARM.exidx.text.FIO_ByteSetMask), (8 bytes).
    Removing lpc17xx_gpio.o(.text.FIO_ByteSetValue), (26 bytes).
    Removing lpc17xx_gpio.o(.ARM.exidx.text.FIO_ByteSetValue), (8 bytes).
    Removing lpc17xx_gpio.o(.text.FIO_ByteClearValue), (26 bytes).
    Removing lpc17xx_gpio.o(.ARM.exidx.text.FIO_ByteClearValue), (8 bytes).
    Removing lpc17xx_gpio.o(.text.FIO_ByteReadValue), (30 bytes).
    Removing lpc17xx_gpio.o(.ARM.exidx.text.FIO_ByteReadValue), (8 bytes).
    Removing lpc17xx_pinsel.o(.text), (0 bytes).
    Removing lpc17xx_pinsel.o(.text.PINSEL_ConfigTraceFunc), (36 bytes).
    Removing lpc17xx_pinsel.o(.ARM.exidx.text.PINSEL_ConfigTraceFunc), (8 bytes).
    Removing lpc17xx_pinsel.o(.text.PINSEL_SetI2C0Pins), (22 bytes).
    Removing lpc17xx_pinsel.o(.ARM.exidx.text.PINSEL_SetI2C0Pins), (8 bytes).
    Removing lpc17xx_pinsel.o(.ARM.exidx.text.PINSEL_ConfigPin), (8 bytes).
    Removing lpc17xx_pinsel.o(.ARM.exidx.text.set_PinFunc), (8 bytes).
    Removing lpc17xx_pinsel.o(.ARM.exidx.text.set_ResistorMode), (8 bytes).
    Removing lpc17xx_pinsel.o(.ARM.exidx.text.set_OpenDrainMode), (8 bytes).
    Removing system_lpc17xx.o(.text), (0 bytes).
    Removing system_lpc17xx.o(.text.SystemCoreClockUpdate), (248 bytes).
    Removing system_lpc17xx.o(.ARM.exidx.text.SystemCoreClockUpdate), (8 bytes).
    Removing system_lpc17xx.o(.ARM.exidx.text.SystemInit), (8 bytes).

117 unused section(s) (total 2018 bytes) removed from the image.

==============================================================================

Image Symbol Table

    Local Symbols

    Symbol Name                              Value     Ov Type        Size  Object(Section)

    ../clib/angel/boardlib.s                 0x00000000   Number         0  boardinit1.o ABSOLUTE
    ../clib/angel/boardlib.s                 0x00000000   Number         0  boardinit2.o ABSOLUTE
    ../clib/angel/boardlib.s                 0x00000000   Number         0  boardinit3.o ABSOLUTE
    ../clib/angel/boardlib.s                 0x00000000   Number         0  boardshut.o ABSOLUTE
    ../clib/angel/dczerorl.s                 0x00000000   Number         0  __dczerorl.o ABSOLUTE
    ../clib/angel/handlers.s                 0x00000000   Number         0  __scatter_copy.o ABSOLUTE
    ../clib/angel/handlers.s                 0x00000000   Number         0  __scatter_zi.o ABSOLUTE
    ../clib/angel/kernel.s                   0x00000000   Number         0  __rtentry.o ABSOLUTE
    ../clib/angel/kernel.s                   0x00000000   Number         0  __rtentry2.o ABSOLUTE
    ../clib/angel/kernel.s                   0x00000000   Number         0  __rtentry4.o ABSOLUTE
    ../clib/angel/kernel.s                   0x00000000   Number         0  rtexit.o ABSOLUTE
    ../clib/angel/kernel.s                   0x00000000   Number         0  rtexit2.o ABSOLUTE
    ../clib/angel/rt.s                       0x00000000   Number         0  aeabi_ldiv0.o ABSOLUTE
    ../clib/angel/rt.s                       0x00000000   Number         0  aeabi_ldiv0_sigfpe.o ABSOLUTE
    ../clib/angel/rt.s                       0x00000000   Number         0  rt_div0.o ABSOLUTE
    ../clib/angel/rt.s                       0x00000000   Number         0  rt_errno_addr.o ABSOLUTE
    ../clib/angel/rt.s                       0x00000000   Number         0  rt_errno_addr_intlibspace.o ABSOLUTE
    ../clib/angel/rt.s                       0x00000000   Number         0  rt_raise.o ABSOLUTE
    ../clib/angel/scatter.s                  0x00000000   Number         0  __scatter.o ABSOLUTE
    ../clib/angel/startup.s                  0x00000000   Number         0  __main.o ABSOLUTE
    ../clib/angel/sys.s                      0x00000000   Number         0  libspace.o ABSOLUTE
    ../clib/angel/sys.s                      0x00000000   Number         0  sys_stackheap_outer.o ABSOLUTE
    ../clib/angel/sys.s                      0x00000000   Number         0  use_no_semi.o ABSOLUTE
    ../clib/angel/sys.s                      0x00000000   Number         0  indicate_semi.o ABSOLUTE
    ../clib/angel/sysapp.c                   0x00000000   Number         0  sys_exit.o ABSOLUTE
    ../clib/angel/sysapp.c                   0x00000000   Number         0  sys_exit_hlt.o ABSOLUTE
    ../clib/angel/sysapp.c                   0x00000000   Number         0  sys_wrch.o ABSOLUTE
    ../clib/angel/sysapp.c                   0x00000000   Number         0  sys_wrch_hlt.o ABSOLUTE
    ../clib/angel/sysapp.c                   0x00000000   Number         0  sys_command.o ABSOLUTE
    ../clib/angel/sysapp.c                   0x00000000   Number         0  sys_command_hlt.o ABSOLUTE
    ../clib/armsys.c                         0x00000000   Number         0  argv_veneer.o ABSOLUTE
    ../clib/armsys.c                         0x00000000   Number         0  argv_veneer.o ABSOLUTE
    ../clib/armsys.c                         0x00000000   Number         0  _get_argv_nomalloc.o ABSOLUTE
    ../clib/armsys.c                         0x00000000   Number         0  no_argv.o ABSOLUTE
    ../clib/fenv.c                           0x00000000   Number         0  _rserrno.o ABSOLUTE
    ../clib/heapalloc.c                      0x00000000   Number         0  hrguard.o ABSOLUTE
    ../clib/heapaux.c                        0x00000000   Number         0  heapauxi.o ABSOLUTE
    ../clib/libinit.s                        0x00000000   Number         0  libinit.o ABSOLUTE
    ../clib/libinit.s                        0x00000000   Number         0  libinit2.o ABSOLUTE
    ../clib/libinit.s                        0x00000000   Number         0  libshutdown.o ABSOLUTE
    ../clib/libinit.s                        0x00000000   Number         0  libshutdown2.o ABSOLUTE
    ../clib/longlong.s                       0x00000000   Number         0  lludivv7m.o ABSOLUTE
    ../clib/memcpset.s                       0x00000000   Number         0  rt_memclr_w.o ABSOLUTE
    ../clib/printf.c                         0x00000000   Number         0  __2sprintf.o ABSOLUTE
    ../clib/printf.c                         0x00000000   Number         0  noretval__2sprintf.o ABSOLUTE
    ../clib/printf.c                         0x00000000   Number         0  __printf.o ABSOLUTE
    ../clib/printf.c                         0x00000000   Number         0  _printf_str.o ABSOLUTE
    ../clib/printf.c                         0x00000000   Number         0  _printf_dec.o ABSOLUTE
    ../clib/printf.c                         0x00000000   Number         0  __printf_flags.o ABSOLUTE
    ../clib/printf.c                         0x00000000   Number         0  __printf_ss.o ABSOLUTE
    ../clib/printf.c                         0x00000000   Number         0  __printf_flags_ss.o ABSOLUTE
    ../clib/printf.c                         0x00000000   Number         0  __printf_wp.o ABSOLUTE
    ../clib/printf.c                         0x00000000   Number         0  __printf_flags_wp.o ABSOLUTE
    ../clib/printf.c                         0x00000000   Number         0  __printf_ss_wp.o ABSOLUTE
    ../clib/printf.c                         0x00000000   Number         0  __printf_flags_ss_wp.o ABSOLUTE
    ../clib/printf.c                         0x00000000   Number         0  _printf_intcommon.o ABSOLUTE
    ../clib/printf.c                         0x00000000   Number         0  _printf_char_common.o ABSOLUTE
    ../clib/printf.c                         0x00000000   Number         0  _sputc.o ABSOLUTE
    ../clib/printf.c                         0x00000000   Number         0  _printf_char.o ABSOLUTE
    ../clib/printf.c                         0x00000000   Number         0  __printf_nopercent.o ABSOLUTE
    ../clib/printf_percent.s                 0x00000000   Number         0  _printf_c.o ABSOLUTE
    ../clib/printf_percent.s                 0x00000000   Number         0  _printf_s.o ABSOLUTE
    ../clib/printf_percent.s                 0x00000000   Number         0  _printf_d.o ABSOLUTE
    ../clib/printf_percent.s                 0x00000000   Number         0  _printf_percent.o ABSOLUTE
    ../clib/printf_percent.s                 0x00000000   Number         0  _printf_percent_end.o ABSOLUTE
    ../clib/signal.c                         0x00000000   Number         0  defsig_fpe_outer.o ABSOLUTE
    ../clib/signal.c                         0x00000000   Number         0  defsig_fpe_formal.o ABSOLUTE
    ../clib/signal.c                         0x00000000   Number         0  defsig_exit.o ABSOLUTE
    ../clib/signal.c                         0x00000000   Number         0  defsig_fpe_inner.o ABSOLUTE
    ../clib/signal.c                         0x00000000   Number         0  __raise.o ABSOLUTE
    ../clib/signal.c                         0x00000000   Number         0  defsig_general.o ABSOLUTE
    ../clib/signal.c                         0x00000000   Number         0  defsig_abrt_inner.o ABSOLUTE
    ../clib/signal.c                         0x00000000   Number         0  defsig_rtred_inner.o ABSOLUTE
    ../clib/signal.c                         0x00000000   Number         0  defsig_rtmem_inner.o ABSOLUTE
    ../clib/signal.c                         0x00000000   Number         0  defsig_rtmem_outer.o ABSOLUTE
    ../clib/signal.c                         0x00000000   Number         0  defsig_rtmem_formal.o ABSOLUTE
    ../clib/signal.c                         0x00000000   Number         0  defsig_stak_inner.o ABSOLUTE
    ../clib/signal.c                         0x00000000   Number         0  defsig_pvfn_inner.o ABSOLUTE
    ../clib/signal.c                         0x00000000   Number         0  defsig_cppl_inner.o ABSOLUTE
    ../clib/signal.c                         0x00000000   Number         0  defsig_segv_inner.o ABSOLUTE
    ../clib/signal.c                         0x00000000   Number         0  defsig_other.o ABSOLUTE
    ../clib/signal.s                         0x00000000   Number         0  defsig.o ABSOLUTE
    ../clib/stdlib.c                         0x00000000   Number         0  exit.o ABSOLUTE
    ../clib/string.c                         0x00000000   Number         0  memcmp.o ABSOLUTE
    ../fplib/daddsub.s                       0x00000000   Number         0  daddsub_clz.o ABSOLUTE
    ../fplib/dcheck1.s                       0x00000000   Number         0  dcheck1.o ABSOLUTE
    ../fplib/dcmpi.s                         0x00000000   Number         0  dcmpi.o ABSOLUTE
    ../fplib/ddiv.s                          0x00000000   Number         0  ddiv.o ABSOLUTE
    ../fplib/deqf.s                          0x00000000   Number         0  deqf.o ABSOLUTE
    ../fplib/dfix.s                          0x00000000   Number         0  dfix.o ABSOLUTE
    ../fplib/dflt.s                          0x00000000   Number         0  dflt_clz.o ABSOLUTE
    ../fplib/dleqf.s                         0x00000000   Number         0  dleqf.o ABSOLUTE
    ../fplib/dmul.s                          0x00000000   Number         0  dmul.o ABSOLUTE
    ../fplib/dnaninf.s                       0x00000000   Number         0  dnaninf.o ABSOLUTE
    ../fplib/dretinf.s                       0x00000000   Number         0  dretinf.o ABSOLUTE
    ../fplib/drleqf.s                        0x00000000   Number         0  drleqf.o ABSOLUTE
    ../fplib/fpinit.s                        0x00000000   Number         0  fpinit.o ABSOLUTE
    ../fplib/fpinit_empty.s                  0x00000000   Number         0  fpinit_empty.o ABSOLUTE
    ../fplib/retnan.s                        0x00000000   Number         0  retnan.o ABSOLUTE
    ../fplib/scalbn.s                        0x00000000   Number         0  scalbn.o ABSOLUTE
    ../fplib/trapv.s                         0x00000000   Number         0  trapv.o ABSOLUTE
    ../fplib/usenofp.s                       0x00000000   Number         0  usenofp.o ABSOLUTE
    ../mathlib/ceil.c                        0x00000000   Number         0  ceil.o ABSOLUTE
    ../mathlib/dunder.c                      0x00000000   Number         0  dunder.o ABSOLUTE
    ../mathlib/log.c                         0x00000000   Number         0  log.o ABSOLUTE
    ../mathlib/log.c                         0x00000000   Number         0  log_x.o ABSOLUTE
    ../mathlib/log10.c                       0x00000000   Number         0  log10.o ABSOLUTE
    ../mathlib/log10.c                       0x00000000   Number         0  log10_x.o ABSOLUTE
    ../mathlib/poly.c                        0x00000000   Number         0  poly.o ABSOLUTE
    ../mathlib/qnan.c                        0x00000000   Number         0  qnan.o ABSOLUTE
    RTE/Device/LPC1768/startup_LPC17xx.s     0x00000000   Number         0  startup_lpc17xx.o ABSOLUTE
    dc.s                                     0x00000000   Number         0  dc.o ABSOLUTE
    lpc17xx_adc.c                            0x00000000   Number         0  lpc17xx_adc.o ABSOLUTE
    lpc17xx_clkpwr.c                         0x00000000   Number         0  lpc17xx_clkpwr.o ABSOLUTE
    lpc17xx_gpio.c                           0x00000000   Number         0  lpc17xx_gpio.o ABSOLUTE
    lpc17xx_pinsel.c                         0x00000000   Number         0  lpc17xx_pinsel.o ABSOLUTE
    main.c                                   0x00000000   Number         0  main.o ABSOLUTE
    system_LPC17xx.c                         0x00000000   Number         0  system_lpc17xx.o ABSOLUTE
    RESET                                    0x00000000   Section      204  startup_lpc17xx.o(RESET)
    !!!main                                  0x000000cc   Section        8  __main.o(!!!main)
    !!!scatter                               0x000000d4   Section       52  __scatter.o(!!!scatter)
    !!dczerorl                               0x00000108   Section       58  __dczerorl.o(!!dczerorl)
    !!handler_copy                           0x00000144   Section       26  __scatter_copy.o(!!handler_copy)
    !!handler_zi                             0x00000160   Section       28  __scatter_zi.o(!!handler_zi)
    .ARM.Collect$$_printf_percent$$00000000  0x0000017c   Section        0  _printf_percent.o(.ARM.Collect$$_printf_percent$$00000000)
    .ARM.Collect$$_printf_percent$$00000009  0x0000017c   Section        6  _printf_d.o(.ARM.Collect$$_printf_percent$$00000009)
    .ARM.Collect$$_printf_percent$$00000013  0x00000182   Section        6  _printf_c.o(.ARM.Collect$$_printf_percent$$00000013)
    .ARM.Collect$$_printf_percent$$00000014  0x00000188   Section        6  _printf_s.o(.ARM.Collect$$_printf_percent$$00000014)
    .ARM.Collect$$_printf_percent$$00000017  0x0000018e   Section        4  _printf_percent_end.o(.ARM.Collect$$_printf_percent$$00000017)
    .ARM.Collect$$libinit$$00000000          0x00000192   Section        2  libinit.o(.ARM.Collect$$libinit$$00000000)
    .ARM.Collect$$libinit$$00000002          0x00000194   Section        0  libinit2.o(.ARM.Collect$$libinit$$00000002)
    .ARM.Collect$$libinit$$00000004          0x00000194   Section        0  libinit2.o(.ARM.Collect$$libinit$$00000004)
    .ARM.Collect$$libinit$$0000000A          0x00000194   Section        0  libinit2.o(.ARM.Collect$$libinit$$0000000A)
    .ARM.Collect$$libinit$$0000000C          0x00000194   Section        0  libinit2.o(.ARM.Collect$$libinit$$0000000C)
    .ARM.Collect$$libinit$$0000000E          0x00000194   Section        0  libinit2.o(.ARM.Collect$$libinit$$0000000E)
    .ARM.Collect$$libinit$$00000011          0x00000194   Section        0  libinit2.o(.ARM.Collect$$libinit$$00000011)
    .ARM.Collect$$libinit$$00000013          0x00000194   Section        0  libinit2.o(.ARM.Collect$$libinit$$00000013)
    .ARM.Collect$$libinit$$00000015          0x00000194   Section        0  libinit2.o(.ARM.Collect$$libinit$$00000015)
    .ARM.Collect$$libinit$$00000017          0x00000194   Section        0  libinit2.o(.ARM.Collect$$libinit$$00000017)
    .ARM.Collect$$libinit$$00000019          0x00000194   Section        0  libinit2.o(.ARM.Collect$$libinit$$00000019)
    .ARM.Collect$$libinit$$0000001B          0x00000194   Section        0  libinit2.o(.ARM.Collect$$libinit$$0000001B)
    .ARM.Collect$$libinit$$0000001D          0x00000194   Section        0  libinit2.o(.ARM.Collect$$libinit$$0000001D)
    .ARM.Collect$$libinit$$0000001F          0x00000194   Section        0  libinit2.o(.ARM.Collect$$libinit$$0000001F)
    .ARM.Collect$$libinit$$00000021          0x00000194   Section        0  libinit2.o(.ARM.Collect$$libinit$$00000021)
    .ARM.Collect$$libinit$$00000023          0x00000194   Section        0  libinit2.o(.ARM.Collect$$libinit$$00000023)
    .ARM.Collect$$libinit$$00000025          0x00000194   Section        0  libinit2.o(.ARM.Collect$$libinit$$00000025)
    .ARM.Collect$$libinit$$0000002C          0x00000194   Section        0  libinit2.o(.ARM.Collect$$libinit$$0000002C)
    .ARM.Collect$$libinit$$0000002E          0x00000194   Section        0  libinit2.o(.ARM.Collect$$libinit$$0000002E)
    .ARM.Collect$$libinit$$00000030          0x00000194   Section        0  libinit2.o(.ARM.Collect$$libinit$$00000030)
    .ARM.Collect$$libinit$$00000032          0x00000194   Section        0  libinit2.o(.ARM.Collect$$libinit$$00000032)
    .ARM.Collect$$libinit$$00000033          0x00000194   Section        2  libinit2.o(.ARM.Collect$$libinit$$00000033)
    .ARM.Collect$$libshutdown$$00000000      0x00000196   Section        2  libshutdown.o(.ARM.Collect$$libshutdown$$00000000)
    .ARM.Collect$$libshutdown$$00000002      0x00000198   Section        0  libshutdown2.o(.ARM.Collect$$libshutdown$$00000002)
    .ARM.Collect$$libshutdown$$00000004      0x00000198   Section        0  libshutdown2.o(.ARM.Collect$$libshutdown$$00000004)
    .ARM.Collect$$libshutdown$$00000007      0x00000198   Section        0  libshutdown2.o(.ARM.Collect$$libshutdown$$00000007)
    .ARM.Collect$$libshutdown$$0000000A      0x00000198   Section        0  libshutdown2.o(.ARM.Collect$$libshutdown$$0000000A)
    .ARM.Collect$$libshutdown$$0000000C      0x00000198   Section        0  libshutdown2.o(.ARM.Collect$$libshutdown$$0000000C)
    .ARM.Collect$$libshutdown$$0000000F      0x00000198   Section        0  libshutdown2.o(.ARM.Collect$$libshutdown$$0000000F)
    .ARM.Collect$$libshutdown$$00000010      0x00000198   Section        2  libshutdown2.o(.ARM.Collect$$libshutdown$$00000010)
    .ARM.Collect$$rtentry$$00000000          0x0000019a   Section        0  __rtentry.o(.ARM.Collect$$rtentry$$00000000)
    .ARM.Collect$$rtentry$$00000002          0x0000019a   Section        0  __rtentry2.o(.ARM.Collect$$rtentry$$00000002)
    .ARM.Collect$$rtentry$$00000004          0x0000019a   Section        6  __rtentry4.o(.ARM.Collect$$rtentry$$00000004)
    .ARM.Collect$$rtentry$$00000009          0x000001a0   Section        0  __rtentry2.o(.ARM.Collect$$rtentry$$00000009)
    .ARM.Collect$$rtentry$$0000000A          0x000001a0   Section        4  __rtentry2.o(.ARM.Collect$$rtentry$$0000000A)
    .ARM.Collect$$rtentry$$0000000C          0x000001a4   Section        0  __rtentry2.o(.ARM.Collect$$rtentry$$0000000C)
    .ARM.Collect$$rtentry$$0000000D          0x000001a4   Section        8  __rtentry2.o(.ARM.Collect$$rtentry$$0000000D)
    .ARM.Collect$$rtexit$$00000000           0x000001ac   Section        2  rtexit.o(.ARM.Collect$$rtexit$$00000000)
    .ARM.Collect$$rtexit$$00000002           0x000001ae   Section        0  rtexit2.o(.ARM.Collect$$rtexit$$00000002)
    .ARM.Collect$$rtexit$$00000003           0x000001ae   Section        4  rtexit2.o(.ARM.Collect$$rtexit$$00000003)
    .ARM.Collect$$rtexit$$00000004           0x000001b2   Section        6  rtexit2.o(.ARM.Collect$$rtexit$$00000004)
    .text                                    0x000001b8   Section       60  startup_lpc17xx.o(.text)
    .text                                    0x000001f4   Section        0  noretval__2sprintf.o(.text)
    .text                                    0x0000021c   Section        0  __printf.o(.text)
    .text                                    0x00000284   Section        0  _printf_str.o(.text)
    .text                                    0x000002d6   Section        0  heapauxi.o(.text)
    .text                                    0x000002dc   Section        0  _rserrno.o(.text)
    .text                                    0x000002f2   Section        0  _sputc.o(.text)
    .ARM.__at_0x02FC                         0x000002fc   Section        4  startup_lpc17xx.o(.ARM.__at_0x02FC)
    .text                                    0x00000300   Section        0  _printf_dec.o(.text)
    .text                                    0x00000378   Section        0  memcmp.o(.text)
    .text                                    0x000003d0   Section       78  rt_memclr_w.o(.text)
    .text                                    0x0000041e   Section        0  _printf_intcommon.o(.text)
    _printf_input_char                       0x000004d1   Thumb Code    10  _printf_char_common.o(.text)
    .text                                    0x000004d0   Section        0  _printf_char_common.o(.text)
    .text                                    0x00000500   Section        0  _printf_char.o(.text)
    .text                                    0x0000052c   Section        8  rt_errno_addr_intlibspace.o(.text)
    .text                                    0x00000534   Section        8  libspace.o(.text)
    .text                                    0x0000053c   Section       74  sys_stackheap_outer.o(.text)
    .text                                    0x00000586   Section        0  exit.o(.text)
    .text                                    0x00000598   Section        0  sys_exit.o(.text)
    .text                                    0x000005a4   Section        2  use_no_semi.o(.text)
    .text                                    0x000005a6   Section        0  indicate_semi.o(.text)
    [Anonymous Symbol]                       0x000005a8   Section        0  lpc17xx_adc.o(.text.ADC_ChannelCmd)
    [Anonymous Symbol]                       0x000005c0   Section        0  lpc17xx_adc.o(.text.ADC_ChannelGetData)
    [Anonymous Symbol]                       0x000005cc   Section        0  lpc17xx_adc.o(.text.ADC_ChannelGetStatus)
    [Anonymous Symbol]                       0x000005e8   Section        0  lpc17xx_adc.o(.text.ADC_Init)
    [Anonymous Symbol]                       0x00000620   Section        0  lpc17xx_adc.o(.text.ADC_StartCmd)
    [Anonymous Symbol]                       0x00000634   Section        0  lpc17xx_clkpwr.o(.text.CLKPWR_ConfigPPWR)
    [Anonymous Symbol]                       0x0000066c   Section        0  lpc17xx_clkpwr.o(.text.CLKPWR_GetPCLK)
    [Anonymous Symbol]                       0x0000069c   Section        0  lpc17xx_clkpwr.o(.text.CLKPWR_GetPCLKSEL)
    [Anonymous Symbol]                       0x000006c4   Section        0  lpc17xx_gpio.o(.text.GPIO_ClearValue)
    GPIO_GetPointer                          0x000006d5   Thumb Code    76  lpc17xx_gpio.o(.text.GPIO_GetPointer)
    [Anonymous Symbol]                       0x000006d4   Section        0  lpc17xx_gpio.o(.text.GPIO_GetPointer)
    [Anonymous Symbol]                       0x00000720   Section        0  lpc17xx_gpio.o(.text.GPIO_SetDir)
    [Anonymous Symbol]                       0x00000744   Section        0  lpc17xx_gpio.o(.text.GPIO_SetValue)
    [Anonymous Symbol]                       0x00000754   Section        0  lpc17xx_pinsel.o(.text.PINSEL_ConfigPin)
    [Anonymous Symbol]                       0x00000778   Section        0  system_lpc17xx.o(.text.SystemInit)
    [Anonymous Symbol]                       0x00000844   Section        0  main.o(.text.delay)
    [Anonymous Symbol]                       0x00000860   Section        0  main.o(.text.getchar1)
    [Anonymous Symbol]                       0x0000088c   Section        0  main.o(.text.hexseg)
    [Anonymous Symbol]                       0x000008ec   Section        0  main.o(.text.main)
    [Anonymous Symbol]                       0x00000d38   Section        0  main.o(.text.sendchar1)
    [Anonymous Symbol]                       0x00000d58   Section        0  main.o(.text.sendchar2)
    [Anonymous Symbol]                       0x00000d78   Section        0  main.o(.text.sendstring1)
    [Anonymous Symbol]                       0x00000d94   Section        0  main.o(.text.sendstring2)
    set_OpenDrainMode                        0x00000db1   Thumb Code    36  lpc17xx_pinsel.o(.text.set_OpenDrainMode)
    [Anonymous Symbol]                       0x00000db0   Section        0  lpc17xx_pinsel.o(.text.set_OpenDrainMode)
    set_PinFunc                              0x00000dd5   Thumb Code    62  lpc17xx_pinsel.o(.text.set_PinFunc)
    [Anonymous Symbol]                       0x00000dd4   Section        0  lpc17xx_pinsel.o(.text.set_PinFunc)
    set_ResistorMode                         0x00000e15   Thumb Code    62  lpc17xx_pinsel.o(.text.set_ResistorMode)
    [Anonymous Symbol]                       0x00000e14   Section        0  lpc17xx_pinsel.o(.text.set_ResistorMode)
    [Anonymous Symbol]                       0x00000e54   Section        0  main.o(.text.string_analyze)
    [Anonymous Symbol]                       0x00000ef0   Section        0  main.o(.text.stringer)
    [Anonymous Symbol]                       0x00000f74   Section        0  main.o(.text.stringer2)
    i.__kernel_poly                          0x00001016   Section        0  poly.o(i.__kernel_poly)
    i.__mathlib_dbl_divzero                  0x000010c0   Section        0  dunder.o(i.__mathlib_dbl_divzero)
    i.__mathlib_dbl_infnan                   0x000010d0   Section        0  dunder.o(i.__mathlib_dbl_infnan)
    i.__mathlib_dbl_invalid                  0x000010d6   Section        0  dunder.o(i.__mathlib_dbl_invalid)
    i.ceil                                   0x000010e4   Section        0  ceil.o(i.ceil)
    i.log                                    0x000011c0   Section        0  log.o(i.log)
    i.log10                                  0x0000151c   Section        0  log10.o(i.log10)
    x$fpl$dadd                               0x00001600   Section      336  daddsub_clz.o(x$fpl$dadd)
    _dadd1                                   0x00001611   Thumb Code     0  daddsub_clz.o(x$fpl$dadd)
    x$fpl$dcheck1                            0x00001750   Section       16  dcheck1.o(x$fpl$dcheck1)
    x$fpl$dcmpinf                            0x00001760   Section       24  dcmpi.o(x$fpl$dcmpinf)
    x$fpl$ddiv                               0x00001778   Section      688  ddiv.o(x$fpl$ddiv)
    ddiv_entry                               0x0000177f   Thumb Code     0  ddiv.o(x$fpl$ddiv)
    x$fpl$deqf                               0x00001a28   Section      120  deqf.o(x$fpl$deqf)
    x$fpl$dfix                               0x00001aa0   Section       94  dfix.o(x$fpl$dfix)
    x$fpl$dflt                               0x00001afe   Section       46  dflt_clz.o(x$fpl$dflt)
    x$fpl$dleqf                              0x00001b2c   Section      120  dleqf.o(x$fpl$dleqf)
    x$fpl$dmul                               0x00001ba4   Section      340  dmul.o(x$fpl$dmul)
    x$fpl$dnaninf                            0x00001cf8   Section      156  dnaninf.o(x$fpl$dnaninf)
    x$fpl$dretinf                            0x00001d94   Section       12  dretinf.o(x$fpl$dretinf)
    x$fpl$drleqf                             0x00001da0   Section      108  drleqf.o(x$fpl$drleqf)
    x$fpl$drsb                               0x00001e0c   Section       22  daddsub_clz.o(x$fpl$drsb)
    x$fpl$dsub                               0x00001e24   Section      468  daddsub_clz.o(x$fpl$dsub)
    _dsub1                                   0x00001e35   Thumb Code     0  daddsub_clz.o(x$fpl$dsub)
    x$fpl$retnan                             0x00001ff8   Section      100  retnan.o(x$fpl$retnan)
    x$fpl$scalbn                             0x0000205c   Section       92  scalbn.o(x$fpl$scalbn)
    x$fpl$trapveneer                         0x000020b8   Section       48  trapv.o(x$fpl$trapveneer)
    Lg2                                      0x000020e8   Data          24  log.o(.constdata)
    .constdata                               0x000020e8   Section       56  log.o(.constdata)
    x$fpl$usenofp                            0x000020e8   Section        0  usenofp.o(x$fpl$usenofp)
    Lg                                       0x00002100   Data          32  log.o(.constdata)
    .constdata                               0x00002120   Section        8  qnan.o(.constdata)
    .L__const.stringer2.close                0x00002128   Data           7  main.o(.rodata.str1.1)
    [Anonymous Symbol]                       0x00002128   Section        0  main.o(.rodata.str1.1)
    .L__const.stringer.close                 0x0000212f   Data           3  main.o(.rodata.str1.1)
    .L.str.3                                 0x00002132   Data          39  main.o(.rodata.str1.1)
    .L.str.10                                0x00002159   Data          38  main.o(.rodata.str1.1)
    .L.str.9                                 0x0000217f   Data          16  main.o(.rodata.str1.1)
    .L.str.12                                0x0000218f   Data          13  main.o(.rodata.str1.1)
    .L.str.8                                 0x0000219c   Data           9  main.o(.rodata.str1.1)
    .L.str.7                                 0x000021a5   Data           7  main.o(.rodata.str1.1)
    .L__const.main.read_inst                 0x000021ac   Data          46  main.o(.rodata.str1.4)
    [Anonymous Symbol]                       0x000021ac   Section        0  main.o(.rodata.str1.4)
    .L__const.main.write_inst                0x000021dc   Data          45  main.o(.rodata.str1.4)
    .bss                                     0x2007c008   Section       96  libspace.o(.bss)
    Heap_Mem                                 0x2007c068   Data           0  startup_lpc17xx.o(HEAP)
    Stack_Mem                                0x2007c068   Data         512  startup_lpc17xx.o(STACK)
    HEAP                                     0x2007c068   Section        0  startup_lpc17xx.o(HEAP)
    STACK                                    0x2007c068   Section      512  startup_lpc17xx.o(STACK)
    __initial_sp                             0x2007c268   Data           0  startup_lpc17xx.o(STACK)

    Global Symbols

    Symbol Name                              Value     Ov Type        Size  Object(Section)

    BuildAttributes$$THM_ISAv4$P$D$K$B$S$PE$A:L22UL41UL21$X:L11$S22US41US21$IEEE1$IW$~IW$USESV6$~STKCKD$USESV7$~SHL$OTIME$ROPI$IEEEX$EBA8$UX$STANDARDLIB$REQ8$PRES8$EABIv2 0x00000000   Number         0  anon$$obj.o ABSOLUTE
    __Vectors                                0x00000000   Data           4  startup_lpc17xx.o(RESET)
    __fp_init_empty                          0x00000000   Number         0  fpinit_empty.o ABSOLUTE
    __ARM_exceptions_init                     - Undefined Weak Reference
    __alloca_initialize                       - Undefined Weak Reference
    __arm_preinit_                            - Undefined Weak Reference
    __cpp_initialize__aeabi_                  - Undefined Weak Reference
    __cxa_finalize                            - Undefined Weak Reference
    __rt_locale                               - Undefined Weak Reference
    __sigvec_lookup                           - Undefined Weak Reference
    _atexit_init                              - Undefined Weak Reference
    _call_atexit_fns                          - Undefined Weak Reference
    _clock_init                               - Undefined Weak Reference
    _fp_trap_init                             - Undefined Weak Reference
    _fp_trap_shutdown                         - Undefined Weak Reference
    _get_lc_collate                           - Undefined Weak Reference
    _get_lc_ctype                             - Undefined Weak Reference
    _get_lc_monetary                          - Undefined Weak Reference
    _get_lc_numeric                           - Undefined Weak Reference
    _get_lc_time                              - Undefined Weak Reference
    _getenv_init                              - Undefined Weak Reference
    _handle_redirection                       - Undefined Weak Reference
    _init_alloc                               - Undefined Weak Reference
    _init_user_alloc                          - Undefined Weak Reference
    _initio                                   - Undefined Weak Reference
    _printf_mbtowc                            - Undefined Weak Reference
    _printf_post_padding                      - Undefined Weak Reference
    _printf_pre_padding                       - Undefined Weak Reference
    _printf_truncate_signed                   - Undefined Weak Reference
    _printf_truncate_unsigned                 - Undefined Weak Reference
    _rand_init                                - Undefined Weak Reference
    _signal_finish                            - Undefined Weak Reference
    _signal_init                              - Undefined Weak Reference
    _terminate_alloc                          - Undefined Weak Reference
    _terminate_user_alloc                     - Undefined Weak Reference
    _terminateio                              - Undefined Weak Reference
    __main                                   0x000000cd   Thumb Code     8  __main.o(!!!main)
    __scatterload                            0x000000d5   Thumb Code     0  __scatter.o(!!!scatter)
    __scatterload_rt2                        0x000000d5   Thumb Code    44  __scatter.o(!!!scatter)
    __scatterload_rt2_thumb_only             0x000000d5   Thumb Code     0  __scatter.o(!!!scatter)
    __scatterload_null                       0x000000e3   Thumb Code     0  __scatter.o(!!!scatter)
    __decompress                             0x00000109   Thumb Code    58  __dczerorl.o(!!dczerorl)
    __decompress0                            0x00000109   Thumb Code     0  __dczerorl.o(!!dczerorl)
    __scatterload_copy                       0x00000145   Thumb Code    26  __scatter_copy.o(!!handler_copy)
    __scatterload_zeroinit                   0x00000161   Thumb Code    28  __scatter_zi.o(!!handler_zi)
    _printf_d                                0x0000017d   Thumb Code     0  _printf_d.o(.ARM.Collect$$_printf_percent$$00000009)
    _printf_percent                          0x0000017d   Thumb Code     0  _printf_percent.o(.ARM.Collect$$_printf_percent$$00000000)
    _printf_c                                0x00000183   Thumb Code     0  _printf_c.o(.ARM.Collect$$_printf_percent$$00000013)
    _printf_s                                0x00000189   Thumb Code     0  _printf_s.o(.ARM.Collect$$_printf_percent$$00000014)
    _printf_percent_end                      0x0000018f   Thumb Code     0  _printf_percent_end.o(.ARM.Collect$$_printf_percent$$00000017)
    __rt_lib_init                            0x00000193   Thumb Code     0  libinit.o(.ARM.Collect$$libinit$$00000000)
    __rt_lib_init_alloca_1                   0x00000195   Thumb Code     0  libinit2.o(.ARM.Collect$$libinit$$0000002E)
    __rt_lib_init_argv_1                     0x00000195   Thumb Code     0  libinit2.o(.ARM.Collect$$libinit$$0000002C)
    __rt_lib_init_atexit_1                   0x00000195   Thumb Code     0  libinit2.o(.ARM.Collect$$libinit$$0000001B)
    __rt_lib_init_clock_1                    0x00000195   Thumb Code     0  libinit2.o(.ARM.Collect$$libinit$$00000021)
    __rt_lib_init_cpp_1                      0x00000195   Thumb Code     0  libinit2.o(.ARM.Collect$$libinit$$00000032)
    __rt_lib_init_exceptions_1               0x00000195   Thumb Code     0  libinit2.o(.ARM.Collect$$libinit$$00000030)
    __rt_lib_init_fp_1                       0x00000195   Thumb Code     0  libinit2.o(.ARM.Collect$$libinit$$00000002)
    __rt_lib_init_fp_trap_1                  0x00000195   Thumb Code     0  libinit2.o(.ARM.Collect$$libinit$$0000001F)
    __rt_lib_init_getenv_1                   0x00000195   Thumb Code     0  libinit2.o(.ARM.Collect$$libinit$$00000023)
    __rt_lib_init_heap_1                     0x00000195   Thumb Code     0  libinit2.o(.ARM.Collect$$libinit$$0000000A)
    __rt_lib_init_lc_collate_1               0x00000195   Thumb Code     0  libinit2.o(.ARM.Collect$$libinit$$00000011)
    __rt_lib_init_lc_ctype_1                 0x00000195   Thumb Code     0  libinit2.o(.ARM.Collect$$libinit$$00000013)
    __rt_lib_init_lc_monetary_1              0x00000195   Thumb Code     0  libinit2.o(.ARM.Collect$$libinit$$00000015)
    __rt_lib_init_lc_numeric_1               0x00000195   Thumb Code     0  libinit2.o(.ARM.Collect$$libinit$$00000017)
    __rt_lib_init_lc_time_1                  0x00000195   Thumb Code     0  libinit2.o(.ARM.Collect$$libinit$$00000019)
    __rt_lib_init_preinit_1                  0x00000195   Thumb Code     0  libinit2.o(.ARM.Collect$$libinit$$00000004)
    __rt_lib_init_rand_1                     0x00000195   Thumb Code     0  libinit2.o(.ARM.Collect$$libinit$$0000000E)
    __rt_lib_init_return                     0x00000195   Thumb Code     0  libinit2.o(.ARM.Collect$$libinit$$00000033)
    __rt_lib_init_signal_1                   0x00000195   Thumb Code     0  libinit2.o(.ARM.Collect$$libinit$$0000001D)
    __rt_lib_init_stdio_1                    0x00000195   Thumb Code     0  libinit2.o(.ARM.Collect$$libinit$$00000025)
    __rt_lib_init_user_alloc_1               0x00000195   Thumb Code     0  libinit2.o(.ARM.Collect$$libinit$$0000000C)
    __rt_lib_shutdown                        0x00000197   Thumb Code     0  libshutdown.o(.ARM.Collect$$libshutdown$$00000000)
    __rt_lib_shutdown_cpp_1                  0x00000199   Thumb Code     0  libshutdown2.o(.ARM.Collect$$libshutdown$$00000002)
    __rt_lib_shutdown_fp_trap_1              0x00000199   Thumb Code     0  libshutdown2.o(.ARM.Collect$$libshutdown$$00000007)
    __rt_lib_shutdown_heap_1                 0x00000199   Thumb Code     0  libshutdown2.o(.ARM.Collect$$libshutdown$$0000000F)
    __rt_lib_shutdown_return                 0x00000199   Thumb Code     0  libshutdown2.o(.ARM.Collect$$libshutdown$$00000010)
    __rt_lib_shutdown_signal_1               0x00000199   Thumb Code     0  libshutdown2.o(.ARM.Collect$$libshutdown$$0000000A)
    __rt_lib_shutdown_stdio_1                0x00000199   Thumb Code     0  libshutdown2.o(.ARM.Collect$$libshutdown$$00000004)
    __rt_lib_shutdown_user_alloc_1           0x00000199   Thumb Code     0  libshutdown2.o(.ARM.Collect$$libshutdown$$0000000C)
    __rt_entry                               0x0000019b   Thumb Code     0  __rtentry.o(.ARM.Collect$$rtentry$$00000000)
    __rt_entry_presh_1                       0x0000019b   Thumb Code     0  __rtentry2.o(.ARM.Collect$$rtentry$$00000002)
    __rt_entry_sh                            0x0000019b   Thumb Code     0  __rtentry4.o(.ARM.Collect$$rtentry$$00000004)
    __rt_entry_li                            0x000001a1   Thumb Code     0  __rtentry2.o(.ARM.Collect$$rtentry$$0000000A)
    __rt_entry_postsh_1                      0x000001a1   Thumb Code     0  __rtentry2.o(.ARM.Collect$$rtentry$$00000009)
    __rt_entry_main                          0x000001a5   Thumb Code     0  __rtentry2.o(.ARM.Collect$$rtentry$$0000000D)
    __rt_entry_postli_1                      0x000001a5   Thumb Code     0  __rtentry2.o(.ARM.Collect$$rtentry$$0000000C)
    __rt_exit                                0x000001ad   Thumb Code     0  rtexit.o(.ARM.Collect$$rtexit$$00000000)
    __rt_exit_ls                             0x000001af   Thumb Code     0  rtexit2.o(.ARM.Collect$$rtexit$$00000003)
    __rt_exit_prels_1                        0x000001af   Thumb Code     0  rtexit2.o(.ARM.Collect$$rtexit$$00000002)
    __rt_exit_exit                           0x000001b3   Thumb Code     0  rtexit2.o(.ARM.Collect$$rtexit$$00000004)
    Reset_Handler                            0x000001b9   Thumb Code     8  startup_lpc17xx.o(.text)
    NMI_Handler                              0x000001c1   Thumb Code     2  startup_lpc17xx.o(.text)
    HardFault_Handler                        0x000001c3   Thumb Code     2  startup_lpc17xx.o(.text)
    MemManage_Handler                        0x000001c5   Thumb Code     2  startup_lpc17xx.o(.text)
    BusFault_Handler                         0x000001c7   Thumb Code     2  startup_lpc17xx.o(.text)
    UsageFault_Handler                       0x000001c9   Thumb Code     2  startup_lpc17xx.o(.text)
    SVC_Handler                              0x000001cb   Thumb Code     2  startup_lpc17xx.o(.text)
    DebugMon_Handler                         0x000001cd   Thumb Code     2  startup_lpc17xx.o(.text)
    PendSV_Handler                           0x000001cf   Thumb Code     2  startup_lpc17xx.o(.text)
    SysTick_Handler                          0x000001d1   Thumb Code     2  startup_lpc17xx.o(.text)
    ADC_IRQHandler                           0x000001d3   Thumb Code     0  startup_lpc17xx.o(.text)
    BOD_IRQHandler                           0x000001d3   Thumb Code     0  startup_lpc17xx.o(.text)
    CANActivity_IRQHandler                   0x000001d3   Thumb Code     0  startup_lpc17xx.o(.text)
    CAN_IRQHandler                           0x000001d3   Thumb Code     0  startup_lpc17xx.o(.text)
    DMA_IRQHandler                           0x000001d3   Thumb Code     0  startup_lpc17xx.o(.text)
    EINT0_IRQHandler                         0x000001d3   Thumb Code     0  startup_lpc17xx.o(.text)
    EINT1_IRQHandler                         0x000001d3   Thumb Code     0  startup_lpc17xx.o(.text)
    EINT2_IRQHandler                         0x000001d3   Thumb Code     0  startup_lpc17xx.o(.text)
    EINT3_IRQHandler                         0x000001d3   Thumb Code     0  startup_lpc17xx.o(.text)
    ENET_IRQHandler                          0x000001d3   Thumb Code     0  startup_lpc17xx.o(.text)
    I2C0_IRQHandler                          0x000001d3   Thumb Code     0  startup_lpc17xx.o(.text)
    I2C1_IRQHandler                          0x000001d3   Thumb Code     0  startup_lpc17xx.o(.text)
    I2C2_IRQHandler                          0x000001d3   Thumb Code     0  startup_lpc17xx.o(.text)
    I2S_IRQHandler                           0x000001d3   Thumb Code     0  startup_lpc17xx.o(.text)
    MCPWM_IRQHandler                         0x000001d3   Thumb Code     0  startup_lpc17xx.o(.text)
    PLL0_IRQHandler                          0x000001d3   Thumb Code     0  startup_lpc17xx.o(.text)
    PLL1_IRQHandler                          0x000001d3   Thumb Code     0  startup_lpc17xx.o(.text)
    PWM1_IRQHandler                          0x000001d3   Thumb Code     0  startup_lpc17xx.o(.text)
    QEI_IRQHandler                           0x000001d3   Thumb Code     0  startup_lpc17xx.o(.text)
    RIT_IRQHandler                           0x000001d3   Thumb Code     0  startup_lpc17xx.o(.text)
    RTC_IRQHandler                           0x000001d3   Thumb Code     0  startup_lpc17xx.o(.text)
    SPI_IRQHandler                           0x000001d3   Thumb Code     0  startup_lpc17xx.o(.text)
    SSP0_IRQHandler                          0x000001d3   Thumb Code     0  startup_lpc17xx.o(.text)
    SSP1_IRQHandler                          0x000001d3   Thumb Code     0  startup_lpc17xx.o(.text)
    TIMER0_IRQHandler                        0x000001d3   Thumb Code     0  startup_lpc17xx.o(.text)
    TIMER1_IRQHandler                        0x000001d3   Thumb Code     0  startup_lpc17xx.o(.text)
    TIMER2_IRQHandler                        0x000001d3   Thumb Code     0  startup_lpc17xx.o(.text)
    TIMER3_IRQHandler                        0x000001d3   Thumb Code     0  startup_lpc17xx.o(.text)
    UART0_IRQHandler                         0x000001d3   Thumb Code     0  startup_lpc17xx.o(.text)
    UART1_IRQHandler                         0x000001d3   Thumb Code     0  startup_lpc17xx.o(.text)
    UART2_IRQHandler                         0x000001d3   Thumb Code     0  startup_lpc17xx.o(.text)
    UART3_IRQHandler                         0x000001d3   Thumb Code     0  startup_lpc17xx.o(.text)
    USBActivity_IRQHandler                   0x000001d3   Thumb Code     0  startup_lpc17xx.o(.text)
    USB_IRQHandler                           0x000001d3   Thumb Code     0  startup_lpc17xx.o(.text)
    WDT_IRQHandler                           0x000001d3   Thumb Code     0  startup_lpc17xx.o(.text)
    __user_initial_stackheap                 0x000001d5   Thumb Code     0  startup_lpc17xx.o(.text)
    __2sprintf                               0x000001f5   Thumb Code    34  noretval__2sprintf.o(.text)
    __printf                                 0x0000021d   Thumb Code   104  __printf.o(.text)
    _printf_str                              0x00000285   Thumb Code    82  _printf_str.o(.text)
    __use_two_region_memory                  0x000002d7   Thumb Code     2  heapauxi.o(.text)
    __rt_heap_escrow$2region                 0x000002d9   Thumb Code     2  heapauxi.o(.text)
    __rt_heap_expand$2region                 0x000002db   Thumb Code     2  heapauxi.o(.text)
    __read_errno                             0x000002dd   Thumb Code    10  _rserrno.o(.text)
    __set_errno                              0x000002e7   Thumb Code    12  _rserrno.o(.text)
    _sputc                                   0x000002f3   Thumb Code    10  _sputc.o(.text)
    _printf_int_dec                          0x00000301   Thumb Code   104  _printf_dec.o(.text)
    memcmp                                   0x00000379   Thumb Code    88  memcmp.o(.text)
    __aeabi_memclr4                          0x000003d1   Thumb Code     0  rt_memclr_w.o(.text)
    __aeabi_memclr8                          0x000003d1   Thumb Code     0  rt_memclr_w.o(.text)
    __rt_memclr_w                            0x000003d1   Thumb Code    78  rt_memclr_w.o(.text)
    _memset_w                                0x000003d5   Thumb Code     0  rt_memclr_w.o(.text)
    _printf_int_common                       0x0000041f   Thumb Code   178  _printf_intcommon.o(.text)
    _printf_char_common                      0x000004db   Thumb Code    32  _printf_char_common.o(.text)
    _printf_cs_common                        0x00000501   Thumb Code    20  _printf_char.o(.text)
    _printf_char                             0x00000515   Thumb Code    16  _printf_char.o(.text)
    _printf_string                           0x00000525   Thumb Code     8  _printf_char.o(.text)
    __aeabi_errno_addr                       0x0000052d   Thumb Code     8  rt_errno_addr_intlibspace.o(.text)
    __errno$intlibspace                      0x0000052d   Thumb Code     0  rt_errno_addr_intlibspace.o(.text)
    __rt_errno_addr$intlibspace              0x0000052d   Thumb Code     0  rt_errno_addr_intlibspace.o(.text)
    __user_libspace                          0x00000535   Thumb Code     8  libspace.o(.text)
    __user_perproc_libspace                  0x00000535   Thumb Code     0  libspace.o(.text)
    __user_perthread_libspace                0x00000535   Thumb Code     0  libspace.o(.text)
    __user_setup_stackheap                   0x0000053d   Thumb Code    74  sys_stackheap_outer.o(.text)
    exit                                     0x00000587   Thumb Code    18  exit.o(.text)
    _sys_exit                                0x00000599   Thumb Code     8  sys_exit.o(.text)
    __I$use$semihosting                      0x000005a5   Thumb Code     0  use_no_semi.o(.text)
    __use_no_semihosting_swi                 0x000005a5   Thumb Code     2  use_no_semi.o(.text)
    __semihosting_library_function           0x000005a7   Thumb Code     0  indicate_semi.o(.text)
    ADC_ChannelCmd                           0x000005a9   Thumb Code    22  lpc17xx_adc.o(.text.ADC_ChannelCmd)
    ADC_ChannelGetData                       0x000005c1   Thumb Code    12  lpc17xx_adc.o(.text.ADC_ChannelGetData)
    ADC_ChannelGetStatus                     0x000005cd   Thumb Code    26  lpc17xx_adc.o(.text.ADC_ChannelGetStatus)
    ADC_Init                                 0x000005e9   Thumb Code    56  lpc17xx_adc.o(.text.ADC_Init)
    ADC_StartCmd                             0x00000621   Thumb Code    18  lpc17xx_adc.o(.text.ADC_StartCmd)
    CLKPWR_ConfigPPWR                        0x00000635   Thumb Code    54  lpc17xx_clkpwr.o(.text.CLKPWR_ConfigPPWR)
    CLKPWR_GetPCLK                           0x0000066d   Thumb Code    48  lpc17xx_clkpwr.o(.text.CLKPWR_GetPCLK)
    CLKPWR_GetPCLKSEL                        0x0000069d   Thumb Code    40  lpc17xx_clkpwr.o(.text.CLKPWR_GetPCLKSEL)
    GPIO_ClearValue                          0x000006c5   Thumb Code    16  lpc17xx_gpio.o(.text.GPIO_ClearValue)
    GPIO_SetDir                              0x00000721   Thumb Code    34  lpc17xx_gpio.o(.text.GPIO_SetDir)
    GPIO_SetValue                            0x00000745   Thumb Code    16  lpc17xx_gpio.o(.text.GPIO_SetValue)
    PINSEL_ConfigPin                         0x00000755   Thumb Code    36  lpc17xx_pinsel.o(.text.PINSEL_ConfigPin)
    SystemInit                               0x00000779   Thumb Code   204  system_lpc17xx.o(.text.SystemInit)
    delay                                    0x00000845   Thumb Code    28  main.o(.text.delay)
    getchar1                                 0x00000861   Thumb Code    44  main.o(.text.getchar1)
    hexseg                                   0x0000088d   Thumb Code    96  main.o(.text.hexseg)
    main                                     0x000008ed   Thumb Code  1100  main.o(.text.main)
    sendchar1                                0x00000d39   Thumb Code    30  main.o(.text.sendchar1)
    sendchar2                                0x00000d59   Thumb Code    30  main.o(.text.sendchar2)
    sendstring1                              0x00000d79   Thumb Code    28  main.o(.text.sendstring1)
    sendstring2                              0x00000d95   Thumb Code    28  main.o(.text.sendstring2)
    string_analyze                           0x00000e55   Thumb Code   156  main.o(.text.string_analyze)
    stringer                                 0x00000ef1   Thumb Code   132  main.o(.text.stringer)
    stringer2                                0x00000f75   Thumb Code   162  main.o(.text.stringer2)
    __kernel_poly                            0x00001017   Thumb Code   170  poly.o(i.__kernel_poly)
    __mathlib_dbl_divzero                    0x000010c1   Thumb Code    12  dunder.o(i.__mathlib_dbl_divzero)
    __mathlib_dbl_infnan                     0x000010d1   Thumb Code     6  dunder.o(i.__mathlib_dbl_infnan)
    __mathlib_dbl_invalid                    0x000010d7   Thumb Code    12  dunder.o(i.__mathlib_dbl_invalid)
    ceil                                     0x000010e5   Thumb Code   204  ceil.o(i.ceil)
    log                                      0x000011c1   Thumb Code   808  log.o(i.log)
    log10                                    0x0000151d   Thumb Code   198  log10.o(i.log10)
    __aeabi_dadd                             0x00001601   Thumb Code     0  daddsub_clz.o(x$fpl$dadd)
    _dadd                                    0x00001601   Thumb Code   332  daddsub_clz.o(x$fpl$dadd)
    __fpl_dcheck_NaN1                        0x00001751   Thumb Code    10  dcheck1.o(x$fpl$dcheck1)
    __fpl_dcmp_Inf                           0x00001761   Thumb Code    24  dcmpi.o(x$fpl$dcmpinf)
    __aeabi_ddiv                             0x00001779   Thumb Code     0  ddiv.o(x$fpl$ddiv)
    _ddiv                                    0x00001779   Thumb Code   552  ddiv.o(x$fpl$ddiv)
    __aeabi_cdcmpeq                          0x00001a29   Thumb Code     0  deqf.o(x$fpl$deqf)
    _dcmpeq                                  0x00001a29   Thumb Code   120  deqf.o(x$fpl$deqf)
    __aeabi_d2iz                             0x00001aa1   Thumb Code     0  dfix.o(x$fpl$dfix)
    _dfix                                    0x00001aa1   Thumb Code    94  dfix.o(x$fpl$dfix)
    __aeabi_i2d                              0x00001aff   Thumb Code     0  dflt_clz.o(x$fpl$dflt)
    _dflt                                    0x00001aff   Thumb Code    46  dflt_clz.o(x$fpl$dflt)
    __aeabi_cdcmple                          0x00001b2d   Thumb Code     0  dleqf.o(x$fpl$dleqf)
    _dcmple                                  0x00001b2d   Thumb Code   120  dleqf.o(x$fpl$dleqf)
    __fpl_dcmple_InfNaN                      0x00001b8f   Thumb Code     0  dleqf.o(x$fpl$dleqf)
    __aeabi_dmul                             0x00001ba5   Thumb Code     0  dmul.o(x$fpl$dmul)
    _dmul                                    0x00001ba5   Thumb Code   332  dmul.o(x$fpl$dmul)
    __fpl_dnaninf                            0x00001cf9   Thumb Code   156  dnaninf.o(x$fpl$dnaninf)
    __fpl_dretinf                            0x00001d95   Thumb Code    12  dretinf.o(x$fpl$dretinf)
    __aeabi_cdrcmple                         0x00001da1   Thumb Code     0  drleqf.o(x$fpl$drleqf)
    _drcmple                                 0x00001da1   Thumb Code   108  drleqf.o(x$fpl$drleqf)
    __aeabi_drsub                            0x00001e0d   Thumb Code     0  daddsub_clz.o(x$fpl$drsb)
    _drsb                                    0x00001e0d   Thumb Code    22  daddsub_clz.o(x$fpl$drsb)
    __aeabi_dsub                             0x00001e25   Thumb Code     0  daddsub_clz.o(x$fpl$dsub)
    _dsub                                    0x00001e25   Thumb Code   464  daddsub_clz.o(x$fpl$dsub)
    __fpl_return_NaN                         0x00001ff9   Thumb Code   100  retnan.o(x$fpl$retnan)
    __ARM_scalbn                             0x0000205d   Thumb Code    92  scalbn.o(x$fpl$scalbn)
    __fpl_cmpreturn                          0x000020b9   Thumb Code    48  trapv.o(x$fpl$trapveneer)
    __I$use$fp                               0x000020e8   Number         0  usenofp.o(x$fpl$usenofp)
    __mathlib_zero                           0x00002120   Data           8  qnan.o(.constdata)
    Region$$Table$$Base                      0x0000220c   Number         0  anon$$obj.o(Region$$Table)
    Region$$Table$$Limit                     0x0000223c   Number         0  anon$$obj.o(Region$$Table)
    string_in                                0x10000000   Data        2000  main.o(.data.string_in)
    SystemCoreClock                          0x2007c000   Data           4  system_lpc17xx.o(.data.SystemCoreClock)
    __libspace_start                         0x2007c008   Data          96  libspace.o(.bss)
    __temporary_stack_top$libspace           0x2007c068   Data           0  libspace.o(.bss)



==============================================================================

Memory Map of the image

  Image Entry point : 0x000000cd

  Load Region LR_IROM1 (Base: 0x00000000, Size: 0x00002a18, Max: 0x00080000, ABSOLUTE, COMPRESSED[0x00002260])

    Execution Region ER_IROM1 (Exec base: 0x00000000, Load base: 0x00000000, Size: 0x0000223c, Max: 0x00080000, ABSOLUTE)

    Exec Addr    Load Addr    Size         Type   Attr      Idx    E Section Name        Object

    0x00000000   0x00000000   0x000000cc   Data   RO          181    RESET               startup_lpc17xx.o
    0x000000cc   0x000000cc   0x00000008   Code   RO          247  * !!!main             c_w.l(__main.o)
    0x000000d4   0x000000d4   0x00000034   Code   RO          522    !!!scatter          c_w.l(__scatter.o)
    0x00000108   0x00000108   0x0000003a   Code   RO          520    !!dczerorl          c_w.l(__dczerorl.o)
    0x00000142   0x00000142   0x00000002   PAD
    0x00000144   0x00000144   0x0000001a   Code   RO          524    !!handler_copy      c_w.l(__scatter_copy.o)
    0x0000015e   0x0000015e   0x00000002   PAD
    0x00000160   0x00000160   0x0000001c   Code   RO          526    !!handler_zi        c_w.l(__scatter_zi.o)
    0x0000017c   0x0000017c   0x00000000   Code   RO          240    .ARM.Collect$$_printf_percent$$00000000  c_w.l(_printf_percent.o)
    0x0000017c   0x0000017c   0x00000006   Code   RO          239    .ARM.Collect$$_printf_percent$$00000009  c_w.l(_printf_d.o)
    0x00000182   0x00000182   0x00000006   Code   RO          237    .ARM.Collect$$_printf_percent$$00000013  c_w.l(_printf_c.o)
    0x00000188   0x00000188   0x00000006   Code   RO          238    .ARM.Collect$$_printf_percent$$00000014  c_w.l(_printf_s.o)
    0x0000018e   0x0000018e   0x00000004   Code   RO          286    .ARM.Collect$$_printf_percent$$00000017  c_w.l(_printf_percent_end.o)
    0x00000192   0x00000192   0x00000002   Code   RO          381    .ARM.Collect$$libinit$$00000000  c_w.l(libinit.o)
    0x00000194   0x00000194   0x00000000   Code   RO          395    .ARM.Collect$$libinit$$00000002  c_w.l(libinit2.o)
    0x00000194   0x00000194   0x00000000   Code   RO          397    .ARM.Collect$$libinit$$00000004  c_w.l(libinit2.o)
    0x00000194   0x00000194   0x00000000   Code   RO          400    .ARM.Collect$$libinit$$0000000A  c_w.l(libinit2.o)
    0x00000194   0x00000194   0x00000000   Code   RO          402    .ARM.Collect$$libinit$$0000000C  c_w.l(libinit2.o)
    0x00000194   0x00000194   0x00000000   Code   RO          404    .ARM.Collect$$libinit$$0000000E  c_w.l(libinit2.o)
    0x00000194   0x00000194   0x00000000   Code   RO          407    .ARM.Collect$$libinit$$00000011  c_w.l(libinit2.o)
    0x00000194   0x00000194   0x00000000   Code   RO          409    .ARM.Collect$$libinit$$00000013  c_w.l(libinit2.o)
    0x00000194   0x00000194   0x00000000   Code   RO          411    .ARM.Collect$$libinit$$00000015  c_w.l(libinit2.o)
    0x00000194   0x00000194   0x00000000   Code   RO          413    .ARM.Collect$$libinit$$00000017  c_w.l(libinit2.o)
    0x00000194   0x00000194   0x00000000   Code   RO          415    .ARM.Collect$$libinit$$00000019  c_w.l(libinit2.o)
    0x00000194   0x00000194   0x00000000   Code   RO          417    .ARM.Collect$$libinit$$0000001B  c_w.l(libinit2.o)
    0x00000194   0x00000194   0x00000000   Code   RO          419    .ARM.Collect$$libinit$$0000001D  c_w.l(libinit2.o)
    0x00000194   0x00000194   0x00000000   Code   RO          421    .ARM.Collect$$libinit$$0000001F  c_w.l(libinit2.o)
    0x00000194   0x00000194   0x00000000   Code   RO          423    .ARM.Collect$$libinit$$00000021  c_w.l(libinit2.o)
    0x00000194   0x00000194   0x00000000   Code   RO          425    .ARM.Collect$$libinit$$00000023  c_w.l(libinit2.o)
    0x00000194   0x00000194   0x00000000   Code   RO          427    .ARM.Collect$$libinit$$00000025  c_w.l(libinit2.o)
    0x00000194   0x00000194   0x00000000   Code   RO          431    .ARM.Collect$$libinit$$0000002C  c_w.l(libinit2.o)
    0x00000194   0x00000194   0x00000000   Code   RO          433    .ARM.Collect$$libinit$$0000002E  c_w.l(libinit2.o)
    0x00000194   0x00000194   0x00000000   Code   RO          435    .ARM.Collect$$libinit$$00000030  c_w.l(libinit2.o)
    0x00000194   0x00000194   0x00000000   Code   RO          437    .ARM.Collect$$libinit$$00000032  c_w.l(libinit2.o)
    0x00000194   0x00000194   0x00000002   Code   RO          438    .ARM.Collect$$libinit$$00000033  c_w.l(libinit2.o)
    0x00000196   0x00000196   0x00000002   Code   RO          475    .ARM.Collect$$libshutdown$$00000000  c_w.l(libshutdown.o)
    0x00000198   0x00000198   0x00000000   Code   RO          503    .ARM.Collect$$libshutdown$$00000002  c_w.l(libshutdown2.o)
    0x00000198   0x00000198   0x00000000   Code   RO          505    .ARM.Collect$$libshutdown$$00000004  c_w.l(libshutdown2.o)
    0x00000198   0x00000198   0x00000000   Code   RO          508    .ARM.Collect$$libshutdown$$00000007  c_w.l(libshutdown2.o)
    0x00000198   0x00000198   0x00000000   Code   RO          511    .ARM.Collect$$libshutdown$$0000000A  c_w.l(libshutdown2.o)
    0x00000198   0x00000198   0x00000000   Code   RO          513    .ARM.Collect$$libshutdown$$0000000C  c_w.l(libshutdown2.o)
    0x00000198   0x00000198   0x00000000   Code   RO          516    .ARM.Collect$$libshutdown$$0000000F  c_w.l(libshutdown2.o)
    0x00000198   0x00000198   0x00000002   Code   RO          517    .ARM.Collect$$libshutdown$$00000010  c_w.l(libshutdown2.o)
    0x0000019a   0x0000019a   0x00000000   Code   RO          271    .ARM.Collect$$rtentry$$00000000  c_w.l(__rtentry.o)
    0x0000019a   0x0000019a   0x00000000   Code   RO          327    .ARM.Collect$$rtentry$$00000002  c_w.l(__rtentry2.o)
    0x0000019a   0x0000019a   0x00000006   Code   RO          339    .ARM.Collect$$rtentry$$00000004  c_w.l(__rtentry4.o)
    0x000001a0   0x000001a0   0x00000000   Code   RO          329    .ARM.Collect$$rtentry$$00000009  c_w.l(__rtentry2.o)
    0x000001a0   0x000001a0   0x00000004   Code   RO          330    .ARM.Collect$$rtentry$$0000000A  c_w.l(__rtentry2.o)
    0x000001a4   0x000001a4   0x00000000   Code   RO          332    .ARM.Collect$$rtentry$$0000000C  c_w.l(__rtentry2.o)
    0x000001a4   0x000001a4   0x00000008   Code   RO          333    .ARM.Collect$$rtentry$$0000000D  c_w.l(__rtentry2.o)
    0x000001ac   0x000001ac   0x00000002   Code   RO          386    .ARM.Collect$$rtexit$$00000000  c_w.l(rtexit.o)
    0x000001ae   0x000001ae   0x00000000   Code   RO          446    .ARM.Collect$$rtexit$$00000002  c_w.l(rtexit2.o)
    0x000001ae   0x000001ae   0x00000004   Code   RO          447    .ARM.Collect$$rtexit$$00000003  c_w.l(rtexit2.o)
    0x000001b2   0x000001b2   0x00000006   Code   RO          448    .ARM.Collect$$rtexit$$00000004  c_w.l(rtexit2.o)
    0x000001b8   0x000001b8   0x0000003c   Code   RO          183    .text               startup_lpc17xx.o
    0x000001f4   0x000001f4   0x00000028   Code   RO          209    .text               c_w.l(noretval__2sprintf.o)
    0x0000021c   0x0000021c   0x00000068   Code   RO          211    .text               c_w.l(__printf.o)
    0x00000284   0x00000284   0x00000052   Code   RO          213    .text               c_w.l(_printf_str.o)
    0x000002d6   0x000002d6   0x00000006   Code   RO          245    .text               c_w.l(heapauxi.o)
    0x000002dc   0x000002dc   0x00000016   Code   RO          276    .text               c_w.l(_rserrno.o)
    0x000002f2   0x000002f2   0x0000000a   Code   RO          282    .text               c_w.l(_sputc.o)
    0x000002fc   0x000002fc   0x00000004   Code   RO          182    .ARM.__at_0x02FC    startup_lpc17xx.o
    0x00000300   0x00000300   0x00000078   Code   RO          215    .text               c_w.l(_printf_dec.o)
    0x00000378   0x00000378   0x00000058   Code   RO          241    .text               c_w.l(memcmp.o)
    0x000003d0   0x000003d0   0x0000004e   Code   RO          243    .text               c_w.l(rt_memclr_w.o)
    0x0000041e   0x0000041e   0x000000b2   Code   RO          278    .text               c_w.l(_printf_intcommon.o)
    0x000004d0   0x000004d0   0x00000030   Code   RO          280    .text               c_w.l(_printf_char_common.o)
    0x00000500   0x00000500   0x0000002c   Code   RO          284    .text               c_w.l(_printf_char.o)
    0x0000052c   0x0000052c   0x00000008   Code   RO          346    .text               c_w.l(rt_errno_addr_intlibspace.o)
    0x00000534   0x00000534   0x00000008   Code   RO          365    .text               c_w.l(libspace.o)
    0x0000053c   0x0000053c   0x0000004a   Code   RO          368    .text               c_w.l(sys_stackheap_outer.o)
    0x00000586   0x00000586   0x00000012   Code   RO          370    .text               c_w.l(exit.o)
    0x00000598   0x00000598   0x0000000c   Code   RO          441    .text               c_w.l(sys_exit.o)
    0x000005a4   0x000005a4   0x00000002   Code   RO          464    .text               c_w.l(use_no_semi.o)
    0x000005a6   0x000005a6   0x00000000   Code   RO          466    .text               c_w.l(indicate_semi.o)
    0x000005a6   0x000005a6   0x00000002   PAD
    0x000005a8   0x000005a8   0x00000016   Code   RO           54    .text.ADC_ChannelCmd  lpc17xx_adc.o
    0x000005be   0x000005be   0x00000002   PAD
    0x000005c0   0x000005c0   0x0000000c   Code   RO           56    .text.ADC_ChannelGetData  lpc17xx_adc.o
    0x000005cc   0x000005cc   0x0000001a   Code   RO           58    .text.ADC_ChannelGetStatus  lpc17xx_adc.o
    0x000005e6   0x000005e6   0x00000002   PAD
    0x000005e8   0x000005e8   0x00000038   Code   RO           38    .text.ADC_Init      lpc17xx_adc.o
    0x00000620   0x00000620   0x00000012   Code   RO           44    .text.ADC_StartCmd  lpc17xx_adc.o
    0x00000632   0x00000632   0x00000002   PAD
    0x00000634   0x00000634   0x00000036   Code   RO           78    .text.CLKPWR_ConfigPPWR  lpc17xx_clkpwr.o
    0x0000066a   0x0000066a   0x00000002   PAD
    0x0000066c   0x0000066c   0x00000030   Code   RO           76    .text.CLKPWR_GetPCLK  lpc17xx_clkpwr.o
    0x0000069c   0x0000069c   0x00000028   Code   RO           74    .text.CLKPWR_GetPCLKSEL  lpc17xx_clkpwr.o
    0x000006c4   0x000006c4   0x00000010   Code   RO          102    .text.GPIO_ClearValue  lpc17xx_gpio.o
    0x000006d4   0x000006d4   0x0000004c   Code   RO           98    .text.GPIO_GetPointer  lpc17xx_gpio.o
    0x00000720   0x00000720   0x00000022   Code   RO           96    .text.GPIO_SetDir   lpc17xx_gpio.o
    0x00000742   0x00000742   0x00000002   PAD
    0x00000744   0x00000744   0x00000010   Code   RO          100    .text.GPIO_SetValue  lpc17xx_gpio.o
    0x00000754   0x00000754   0x00000024   Code   RO          164    .text.PINSEL_ConfigPin  lpc17xx_pinsel.o
    0x00000778   0x00000778   0x000000cc   Code   RO          194    .text.SystemInit    system_lpc17xx.o
    0x00000844   0x00000844   0x0000001c   Code   RO            6    .text.delay         main.o
    0x00000860   0x00000860   0x0000002c   Code   RO           18    .text.getchar1      main.o
    0x0000088c   0x0000088c   0x00000060   Code   RO            4    .text.hexseg        main.o
    0x000008ec   0x000008ec   0x0000044c   Code   RO            2    .text.main          main.o
    0x00000d38   0x00000d38   0x0000001e   Code   RO           22    .text.sendchar1     main.o
    0x00000d56   0x00000d56   0x00000002   PAD
    0x00000d58   0x00000d58   0x0000001e   Code   RO           24    .text.sendchar2     main.o
    0x00000d76   0x00000d76   0x00000002   PAD
    0x00000d78   0x00000d78   0x0000001c   Code   RO            8    .text.sendstring1   main.o
    0x00000d94   0x00000d94   0x0000001c   Code   RO           12    .text.sendstring2   main.o
    0x00000db0   0x00000db0   0x00000024   Code   RO          170    .text.set_OpenDrainMode  lpc17xx_pinsel.o
    0x00000dd4   0x00000dd4   0x0000003e   Code   RO          166    .text.set_PinFunc   lpc17xx_pinsel.o
    0x00000e12   0x00000e12   0x00000002   PAD
    0x00000e14   0x00000e14   0x0000003e   Code   RO          168    .text.set_ResistorMode  lpc17xx_pinsel.o
    0x00000e52   0x00000e52   0x00000002   PAD
    0x00000e54   0x00000e54   0x0000009c   Code   RO           16    .text.string_analyze  main.o
    0x00000ef0   0x00000ef0   0x00000084   Code   RO           10    .text.stringer      main.o
    0x00000f74   0x00000f74   0x000000a2   Code   RO           14    .text.stringer2     main.o
    0x00001016   0x00001016   0x000000aa   Code   RO          362    i.__kernel_poly     m_ws.l(poly.o)
    0x000010c0   0x000010c0   0x00000010   Code   RO          302    i.__mathlib_dbl_divzero  m_ws.l(dunder.o)
    0x000010d0   0x000010d0   0x00000006   Code   RO          303    i.__mathlib_dbl_infnan  m_ws.l(dunder.o)
    0x000010d6   0x000010d6   0x0000000c   Code   RO          305    i.__mathlib_dbl_invalid  m_ws.l(dunder.o)
    0x000010e2   0x000010e2   0x00000002   PAD
    0x000010e4   0x000010e4   0x000000dc   Code   RO          260    i.ceil              m_ws.l(ceil.o)
    0x000011c0   0x000011c0   0x0000035c   Code   RO          317    i.log               m_ws.l(log.o)
    0x0000151c   0x0000151c   0x000000e4   Code   RO          264    i.log10             m_ws.l(log10.o)
    0x00001600   0x00001600   0x00000150   Code   RO          287    x$fpl$dadd          fz_ws.l(daddsub_clz.o)
    0x00001750   0x00001750   0x00000010   Code   RO          350    x$fpl$dcheck1       fz_ws.l(dcheck1.o)
    0x00001760   0x00001760   0x00000018   Code   RO          382    x$fpl$dcmpinf       fz_ws.l(dcmpi.o)
    0x00001778   0x00001778   0x000002b0   Code   RO          353    x$fpl$ddiv          fz_ws.l(ddiv.o)
    0x00001a28   0x00001a28   0x00000078   Code   RO          356    x$fpl$deqf          fz_ws.l(deqf.o)
    0x00001aa0   0x00001aa0   0x0000005e   Code   RO          249    x$fpl$dfix          fz_ws.l(dfix.o)
    0x00001afe   0x00001afe   0x0000002e   Code   RO          254    x$fpl$dflt          fz_ws.l(dflt_clz.o)
    0x00001b2c   0x00001b2c   0x00000078   Code   RO          358    x$fpl$dleqf         fz_ws.l(dleqf.o)
    0x00001ba4   0x00001ba4   0x00000154   Code   RO          293    x$fpl$dmul          fz_ws.l(dmul.o)
    0x00001cf8   0x00001cf8   0x0000009c   Code   RO          295    x$fpl$dnaninf       fz_ws.l(dnaninf.o)
    0x00001d94   0x00001d94   0x0000000c   Code   RO          360    x$fpl$dretinf       fz_ws.l(dretinf.o)
    0x00001da0   0x00001da0   0x0000006c   Code   RO          297    x$fpl$drleqf        fz_ws.l(drleqf.o)
    0x00001e0c   0x00001e0c   0x00000016   Code   RO          288    x$fpl$drsb          fz_ws.l(daddsub_clz.o)
    0x00001e22   0x00001e22   0x00000002   PAD
    0x00001e24   0x00001e24   0x000001d4   Code   RO          289    x$fpl$dsub          fz_ws.l(daddsub_clz.o)
    0x00001ff8   0x00001ff8   0x00000064   Code   RO          384    x$fpl$retnan        fz_ws.l(retnan.o)
    0x0000205c   0x0000205c   0x0000005c   Code   RO          299    x$fpl$scalbn        fz_ws.l(scalbn.o)
    0x000020b8   0x000020b8   0x00000030   Code   RO          439    x$fpl$trapveneer    fz_ws.l(trapv.o)
    0x000020e8   0x000020e8   0x00000000   Code   RO          301    x$fpl$usenofp       fz_ws.l(usenofp.o)
    0x000020e8   0x000020e8   0x00000038   Data   RO          318    .constdata          m_ws.l(log.o)
    0x00002120   0x00002120   0x00000008   Data   RO          364    .constdata          m_ws.l(qnan.o)
    0x00002128   0x00002128   0x00000084   Data   RO           27    .rodata.str1.1      main.o
    0x000021ac   0x000021ac   0x0000005d   Data   RO           28    .rodata.str1.4      main.o
    0x00002209   0x00002209   0x00000003   PAD
    0x0000220c   0x0000220c   0x00000030   Data   RO          519    Region$$Table       anon$$obj.o


    Execution Region RW_IRAM1 (Exec base: 0x10000000, Load base: 0x0000223c, Size: 0x000007d0, Max: 0x00008000, ABSOLUTE, COMPRESSED[0x00000018])

    Exec Addr    Load Addr    Size         Type   Attr      Idx    E Section Name        Object

    0x10000000   COMPRESSED   0x000007d0   Data   RW           26    .data.string_in     main.o


    Execution Region RW_IRAM2 (Exec base: 0x2007c000, Load base: 0x00002258, Size: 0x00000268, Max: 0x00008000, ABSOLUTE)

    Exec Addr    Load Addr    Size         Type   Attr      Idx    E Section Name        Object

    0x2007c000   0x00002258   0x00000004   Data   RW          196    .data.SystemCoreClock  system_lpc17xx.o
    0x2007c004   0x0000225c   0x00000004   PAD
    0x2007c008        -       0x00000060   Zero   RW          366    .bss                c_w.l(libspace.o)
    0x2007c068        -       0x00000000   Zero   RW          180    HEAP                startup_lpc17xx.o
    0x2007c068        -       0x00000200   Zero   RW          179    STACK               startup_lpc17xx.o


==============================================================================

Image component sizes


      Code (inc. data)   RO Data    RW Data    ZI Data      Debug   Object Name

       134          0          0          0          0       4025   lpc17xx_adc.o
       142         16          0          0          0       3762   lpc17xx_clkpwr.o
       142          6          0          0          0      10176   lpc17xx_gpio.o
       196          0          0          0          0       3322   lpc17xx_pinsel.o
      1834        164        225       2000          0       7492   main.o
        64         26        204          0        512        972   startup_lpc17xx.o
       204          0          0          4          0       2074   system_lpc17xx.o

    ----------------------------------------------------------------------
      2734        212        480       2004        516      31823   Object Totals
         0          0         48          0          0          0   (incl. Generated)
        18          0          3          0          4          0   (incl. Padding)

    ----------------------------------------------------------------------

      Code (inc. data)   RO Data    RW Data    ZI Data      Debug   Library Member Name

        58          0          0          0          0          0   __dczerorl.o
         8          0          0          0          0         68   __main.o
       104          0          0          0          0         84   __printf.o
         0          0          0          0          0          0   __rtentry.o
        12          0          0          0          0          0   __rtentry2.o
         6          0          0          0          0          0   __rtentry4.o
        52          8          0          0          0          0   __scatter.o
        26          0          0          0          0          0   __scatter_copy.o
        28          0          0          0          0          0   __scatter_zi.o
         6          0          0          0          0          0   _printf_c.o
        44          0          0          0          0        108   _printf_char.o
        48          6          0          0          0         96   _printf_char_common.o
         6          0          0          0          0          0   _printf_d.o
       120         16          0          0          0         92   _printf_dec.o
       178          0          0          0          0         88   _printf_intcommon.o
         0          0          0          0          0          0   _printf_percent.o
         4          0          0          0          0          0   _printf_percent_end.o
         6          0          0          0          0          0   _printf_s.o
        82          0          0          0          0         80   _printf_str.o
        22          0          0          0          0        100   _rserrno.o
        10          0          0          0          0         68   _sputc.o
        18          0          0          0          0         80   exit.o
         6          0          0          0          0        152   heapauxi.o
         0          0          0          0          0          0   indicate_semi.o
         2          0          0          0          0          0   libinit.o
         2          0          0          0          0          0   libinit2.o
         2          0          0          0          0          0   libshutdown.o
         2          0          0          0          0          0   libshutdown2.o
         8          4          0          0         96         68   libspace.o
        88          0          0          0          0         76   memcmp.o
        40          6          0          0          0         84   noretval__2sprintf.o
         8          4          0          0          0         68   rt_errno_addr_intlibspace.o
        78          0          0          0          0         80   rt_memclr_w.o
         2          0          0          0          0          0   rtexit.o
        10          0          0          0          0          0   rtexit2.o
        12          4          0          0          0         68   sys_exit.o
        74          0          0          0          0         80   sys_stackheap_outer.o
         2          0          0          0          0         68   use_no_semi.o
       826         16          0          0          0        356   daddsub_clz.o
        16          4          0          0          0         68   dcheck1.o
        24          0          0          0          0         68   dcmpi.o
       688        140          0          0          0        216   ddiv.o
       120          4          0          0          0         92   deqf.o
        94          4          0          0          0         92   dfix.o
        46          0          0          0          0         68   dflt_clz.o
       120          4          0          0          0         92   dleqf.o
       340         12          0          0          0        104   dmul.o
       156          4          0          0          0         92   dnaninf.o
        12          0          0          0          0         68   dretinf.o
       108          0          0          0          0         80   drleqf.o
       100          0          0          0          0         68   retnan.o
        92          0          0          0          0         68   scalbn.o
        48          0          0          0          0         68   trapv.o
         0          0          0          0          0          0   usenofp.o
       220         16          0          0          0         84   ceil.o
        34          4          0          0          0        204   dunder.o
       860         52         56          0          0        256   log.o
       228         30          0          0          0        120   log10.o
       170          0          0          0          0         96   poly.o
         0          0          8          0          0          0   qnan.o

    ----------------------------------------------------------------------
      5486        338         64          0         96       3968   Library Totals
        10          0          0          0          0          0   (incl. Padding)

    ----------------------------------------------------------------------

      Code (inc. data)   RO Data    RW Data    ZI Data      Debug   Library Name

      1174         48          0          0         96       1608   c_w.l
      2790        188          0          0          0       1600   fz_ws.l
      1512        102         64          0          0        760   m_ws.l

    ----------------------------------------------------------------------
      5486        338         64          0         96       3968   Library Totals

    ----------------------------------------------------------------------

==============================================================================


      Code (inc. data)   RO Data    RW Data    ZI Data      Debug   

      8220        550        544       2004        612      33799   Grand Totals
      8220        550        544         28        612      33799   ELF Image Totals (compressed)
      8220        550        544         28          0          0   ROM Totals

==============================================================================

    Total RO  Size (Code + RO Data)                 8764 (   8.56kB)
    Total RW  Size (RW Data + ZI Data)              2616 (   2.55kB)
    Total ROM Size (Code + RO Data + RW Data)       8792 (   8.59kB)

==============================================================================

